Component: ARM Compiler 5.06 update 5 (build 528) Tool: armlink [4d35e2]

==============================================================================

Section Cross References

    main.o(i.assert_nrf_callback) refers to app_error_handler_keil.o(.emb_text) for app_error_handler
    main.o(i.ble_evt_handler) refers to ble_advdata.o(i.ble_advdata_name_find) for ble_advdata_name_find
    main.o(i.ble_evt_handler) refers to nrf_log_frontend.o(i.nrf_log_frontend_std_0) for nrf_log_frontend_std_0
    main.o(i.ble_evt_handler) refers to ble_lbs_c.o(i.ble_lbs_c_handles_assign) for ble_lbs_c_handles_assign
    main.o(i.ble_evt_handler) refers to app_error.o(i.app_error_handler_bare) for app_error_handler_bare
    main.o(i.ble_evt_handler) refers to ble_tes_c.o(i.ble_tes_c_handles_assign) for ble_tes_c_handles_assign
    main.o(i.ble_evt_handler) refers to ble_db_discovery.o(i.ble_db_discovery_start) for ble_db_discovery_start
    main.o(i.ble_evt_handler) refers to boards.o(i.bsp_board_led_on) for bsp_board_led_on
    main.o(i.ble_evt_handler) refers to boards.o(i.bsp_board_led_off) for bsp_board_led_off
    main.o(i.ble_evt_handler) refers to main.o(i.scan_start) for scan_start
    main.o(i.ble_evt_handler) refers to nrf_log_frontend.o(log_dynamic_data) for m_nrf_log_app_logs_data_dynamic
    main.o(i.ble_evt_handler) refers to main.o(.constdata) for .constdata
    main.o(i.ble_evt_handler) refers to main.o(.bss) for .bss
    main.o(i.ble_evt_handler) refers to main.o(.data) for .data
    main.o(i.db_disc_handler) refers to ble_lbs_c.o(i.ble_lbs_on_db_disc_evt) for ble_lbs_on_db_disc_evt
    main.o(i.db_disc_handler) refers to ble_tes_c.o(i.ble_tes_on_db_disc_evt) for ble_tes_on_db_disc_evt
    main.o(i.db_disc_handler) refers to main.o(.bss) for .bss
    main.o(i.lbs_c_evt_handler) refers to nrf_log_frontend.o(i.nrf_log_frontend_std_1) for nrf_log_frontend_std_1
    main.o(i.lbs_c_evt_handler) refers to boards.o(i.bsp_board_led_on) for bsp_board_led_on
    main.o(i.lbs_c_evt_handler) refers to ble_lbs_c.o(i.ble_lbs_c_handles_assign) for ble_lbs_c_handles_assign
    main.o(i.lbs_c_evt_handler) refers to app_button.o(i.app_button_enable) for app_button_enable
    main.o(i.lbs_c_evt_handler) refers to app_error.o(i.app_error_handler_bare) for app_error_handler_bare
    main.o(i.lbs_c_evt_handler) refers to ble_lbs_c.o(i.ble_lbs_c_button_notif_enable) for ble_lbs_c_button_notif_enable
    main.o(i.lbs_c_evt_handler) refers to boards.o(i.bsp_board_led_off) for bsp_board_led_off
    main.o(i.lbs_c_evt_handler) refers to nrf_log_frontend.o(log_dynamic_data) for m_nrf_log_app_logs_data_dynamic
    main.o(i.lbs_c_evt_handler) refers to main.o(.bss) for .bss
    main.o(i.main) refers to nrf_log_frontend.o(i.nrf_log_init) for nrf_log_init
    main.o(i.main) refers to app_error.o(i.app_error_handler_bare) for app_error_handler_bare
    main.o(i.main) refers to nrf_log_default_backends.o(i.nrf_log_default_backends_init) for nrf_log_default_backends_init
    main.o(i.main) refers to app_timer.o(i.app_timer_init) for app_timer_init
    main.o(i.main) refers to boards.o(i.bsp_board_init) for bsp_board_init
    main.o(i.main) refers to nrf_pwr_mgmt.o(i.nrf_pwr_mgmt_init) for nrf_pwr_mgmt_init
    main.o(i.main) refers to nrf_sdh.o(i.nrf_sdh_enable_request) for nrf_sdh_enable_request
    main.o(i.main) refers to nrf_sdh_ble.o(i.nrf_sdh_ble_default_cfg_set) for nrf_sdh_ble_default_cfg_set
    main.o(i.main) refers to nrf_sdh_ble.o(i.nrf_sdh_ble_enable) for nrf_sdh_ble_enable
    main.o(i.main) refers to nrf_ble_gatt.o(i.nrf_ble_gatt_init) for nrf_ble_gatt_init
    main.o(i.main) refers to ble_db_discovery.o(i.ble_db_discovery_init) for ble_db_discovery_init
    main.o(i.main) refers to ble_lbs_c.o(i.ble_lbs_c_init) for ble_lbs_c_init
    main.o(i.main) refers to ble_tes_c.o(i.ble_tes_c_init) for ble_tes_c_init
    main.o(i.main) refers to nrf_log_frontend.o(i.nrf_log_frontend_std_0) for nrf_log_frontend_std_0
    main.o(i.main) refers to main.o(i.scan_start) for scan_start
    main.o(i.main) refers to boards.o(i.bsp_board_led_on) for bsp_board_led_on
    main.o(i.main) refers to nrf_log_frontend.o(i.nrf_log_frontend_dequeue) for nrf_log_frontend_dequeue
    main.o(i.main) refers to nrf_pwr_mgmt.o(i.nrf_pwr_mgmt_run) for nrf_pwr_mgmt_run
    main.o(i.main) refers to main.o(.bss) for .bss
    main.o(i.main) refers to main.o(i.db_disc_handler) for db_disc_handler
    main.o(i.main) refers to main.o(i.lbs_c_evt_handler) for lbs_c_evt_handler
    main.o(i.main) refers to main.o(i.tes_c_evt_handler) for tes_c_evt_handler
    main.o(i.main) refers to nrf_log_frontend.o(log_dynamic_data) for m_nrf_log_app_logs_data_dynamic
    main.o(i.scan_start) refers to app_error.o(i.app_error_handler_bare) for app_error_handler_bare
    main.o(i.scan_start) refers to boards.o(i.bsp_board_led_off) for bsp_board_led_off
    main.o(i.scan_start) refers to boards.o(i.bsp_board_led_on) for bsp_board_led_on
[...]
    m_fifo_inst                              0x200020bc   Data          20  nrf_fstorage_sd.o(.data)
    .data                                    0x200020d0   Section        8  nrf_fstorage_sd.o(.data)
    m_p_cur_op                               0x200020d0   Data           4  nrf_fstorage_sd.o(.data)
    m_iget_ctx                               0x200020d4   Data           4  nrf_fstorage_sd.o(.data)
    .data                                    0x200020d8   Section        8  nrf_pwr_mgmt.o(.data)
    m_pwr_mgmt_evt                           0x200020d8   Data           1  nrf_pwr_mgmt.o(.data)
    m_shutdown_started                       0x200020d9   Data           1  nrf_pwr_mgmt.o(.data)
    m_sysoff_mtx                             0x200020dc   Data           4  nrf_pwr_mgmt.o(.data)
    .data                                    0x200020e0   Section       24  nrf_log_backend_uart.o(.data)
    m_xfer_done                              0x200020e0   Data           1  nrf_log_backend_uart.o(.data)
    m_async_mode                             0x200020e1   Data           1  nrf_log_backend_uart.o(.data)
    .data                                    0x200020f8   Section       12  nrf_log_default_backends.o(.data)
    uart_log_backend                         0x200020f8   Data          12  nrf_log_default_backends.o(.data)
    .data                                    0x20002104   Section        8  nrf_log_frontend.o(.data)
    log_mempool_nrf_balloc_pool_stack        0x20002104   Data           8  nrf_log_frontend.o(.data)
    .data                                    0x2000210c   Section        8  nrf_log_frontend.o(.data)
    log_mempool_nrf_balloc_cb                0x2000210c   Data           8  nrf_log_frontend.o(.data)
    .data                                    0x20002114   Section       64  nrf_log_str_formatter.o(.data)
    m_freq                                   0x20002114   Data           4  nrf_log_str_formatter.o(.data)
    m_timestamp_div                          0x20002118   Data           4  nrf_log_str_formatter.o(.data)
    severity_names                           0x2000211c   Data          20  nrf_log_str_formatter.o(.data)
    m_colors                                 0x20002130   Data          36  nrf_log_str_formatter.o(.data)
    .data                                    0x20002154   Section        3  nrf_sdh.o(.data)
    m_nrf_sdh_enabled                        0x20002154   Data           1  nrf_sdh.o(.data)
    m_nrf_sdh_suspended                      0x20002155   Data           1  nrf_sdh.o(.data)
    m_nrf_sdh_continue                       0x20002156   Data           1  nrf_sdh.o(.data)
    .data                                    0x20002157   Section        1  nrf_sdh_ble.o(.data)
    m_stack_is_enabled                       0x20002157   Data           1  nrf_sdh_ble.o(.data)
    .data                                    0x20002158   Section        4  system_nrf52.o(.data)
    __tagsym$$used                           0x20002158   Number         0  system_nrf52.o(.data)
    log_dynamic_data                         0x2000215c   Section        4  ble_db_discovery.o(log_dynamic_data)
    __tagsym$$used                           0x2000215c   Number         0  ble_db_discovery.o(log_dynamic_data)
    log_dynamic_data                         0x20002160   Section        4  nrf_ble_gatt.o(log_dynamic_data)
    __tagsym$$used                           0x20002160   Number         0  nrf_ble_gatt.o(log_dynamic_data)
    log_dynamic_data                         0x20002164   Section        4  ble_lbs_c.o(log_dynamic_data)
    __tagsym$$used                           0x20002164   Number         0  ble_lbs_c.o(log_dynamic_data)
    log_dynamic_data                         0x20002168   Section        4  ble_tes_c.o(log_dynamic_data)
    __tagsym$$used                           0x20002168   Number         0  ble_tes_c.o(log_dynamic_data)
    log_dynamic_data                         0x2000216c   Section        4  nrf_drv_clock.o(log_dynamic_data)
    __tagsym$$used                           0x2000216c   Number         0  nrf_drv_clock.o(log_dynamic_data)
    log_dynamic_data                         0x20002170   Section        4  nrfx_clock.o(log_dynamic_data)
    __tagsym$$used                           0x20002170   Number         0  nrfx_clock.o(log_dynamic_data)
    log_dynamic_data                         0x20002174   Section        4  nrfx_gpiote.o(log_dynamic_data)
    __tagsym$$used                           0x20002174   Number         0  nrfx_gpiote.o(log_dynamic_data)
    log_dynamic_data                         0x20002178   Section        4  nrfx_prs.o(log_dynamic_data)
    __tagsym$$used                           0x20002178   Number         0  nrfx_prs.o(log_dynamic_data)
    log_dynamic_data                         0x2000217c   Section        4  nrfx_uart.o(log_dynamic_data)
    __tagsym$$used                           0x2000217c   Number         0  nrfx_uart.o(log_dynamic_data)
    log_dynamic_data                         0x20002180   Section        4  nrfx_uarte.o(log_dynamic_data)
    __tagsym$$used                           0x20002180   Number         0  nrfx_uarte.o(log_dynamic_data)
    log_dynamic_data                         0x20002184   Section        4  nrf_fstorage.o(log_dynamic_data)
    __tagsym$$used                           0x20002184   Number         0  nrf_fstorage.o(log_dynamic_data)
    log_dynamic_data                         0x20002188   Section        4  nrf_fstorage_sd.o(log_dynamic_data)
    __tagsym$$used                           0x20002188   Number         0  nrf_fstorage_sd.o(log_dynamic_data)
    log_dynamic_data                         0x2000218c   Section        4  nrf_pwr_mgmt.o(log_dynamic_data)
    __tagsym$$used                           0x2000218c   Number         0  nrf_pwr_mgmt.o(log_dynamic_data)
    log_dynamic_data                         0x20002190   Section        8  nrf_log_frontend.o(log_dynamic_data)
    __tagsym$$used                           0x20002190   Number         0  nrf_log_frontend.o(log_dynamic_data)
    __tagsym$$used                           0x20002194   Number         0  nrf_log_frontend.o(log_dynamic_data)
    log_dynamic_data                         0x20002198   Section        4  nrf_sdh.o(log_dynamic_data)
    __tagsym$$used                           0x20002198   Number         0  nrf_sdh.o(log_dynamic_data)
    log_dynamic_data                         0x2000219c   Section        4  nrf_sdh_ble.o(log_dynamic_data)
    __tagsym$$used                           0x2000219c   Number         0  nrf_sdh_ble.o(log_dynamic_data)
    log_dynamic_data                         0x200021a0   Section        4  nrf_sdh_soc.o(log_dynamic_data)
    __tagsym$$used                           0x200021a0   Number         0  nrf_sdh_soc.o(log_dynamic_data)
    .bss                                     0x200021a4   Section       72  main.o(.bss)
    m_ble_lbs_c                              0x200021a4   Data          16  main.o(.bss)
    m_ble_tes_c                              0x200021b4   Data          36  main.o(.bss)
    m_gatt                                   0x200021d8   Data          20  main.o(.bss)
    .bss                                     0x200021ec   Section       31  main.o(.bss)
    m_scan_buffer_data                       0x200021ec   Data          31  main.o(.bss)
    .bss                                     0x2000220b   Section       12  bsp.o(.bss)
    m_events_list                            0x2000220b   Data          12  bsp.o(.bss)
    .bss                                     0x20002218   Section      120  ble_conn_state.o(.bss)
    m_bcs                                    0x20002218   Data         120  ble_conn_state.o(.bss)
    .bss                                     0x20002290   Section      792  ble_db_discovery.o(.bss)
    m_registered_handlers                    0x20002290   Data          24  ble_db_discovery.o(.bss)
    m_pending_user_evts                      0x200022a8   Data         768  ble_db_discovery.o(.bss)
    .bss                                     0x200025a8   Section      160  ble_lbs_c.o(.bss)
    m_tx_buffer                              0x200025a8   Data         160  ble_lbs_c.o(.bss)
    .bss                                     0x20002648   Section      160  ble_tes_c.o(.bss)
    m_tx_buffer                              0x20002648   Data         160  ble_tes_c.o(.bss)
    .bss                                     0x200026e8   Section       20  nrf_drv_clock.o(.bss)
    m_clock_cb                               0x200026e8   Data          20  nrf_drv_clock.o(.bss)
    .bss                                     0x200026fc   Section       92  nrfx_gpiote.o(.bss)
    m_cb                                     0x200026fc   Data          92  nrfx_gpiote.o(.bss)
    .bss                                     0x20002758   Section       44  nrfx_uart.o(.bss)
    m_cb                                     0x20002758   Data          44  nrfx_uart.o(.bss)
    .bss                                     0x20002784   Section       36  nrfx_uarte.o(.bss)
    m_cb                                     0x20002784   Data          36  nrfx_uarte.o(.bss)
    .bss                                     0x200027a8   Section      268  app_timer.o(.bss)
    m_op_queue                               0x200027a8   Data         268  app_timer.o(.bss)
    .bss                                     0x200028b4   Section       12  app_util_platform.o(.bss)
    .bss                                     0x200028c0   Section      160  nrf_fstorage_sd.o(.bss)
    m_fifo_data                              0x200028c0   Data         140  nrf_fstorage_sd.o(.bss)
    m_flags                                  0x2000294c   Data          20  nrf_fstorage_sd.o(.bss)
    .bss                                     0x20002960   Section       12  nrf_pwr_mgmt.o(.bss)
    m_handlers_iter                          0x20002960   Data          12  nrf_pwr_mgmt.o(.bss)
    .bss                                     0x2000296c   Section       64  nrf_log_backend_uart.o(.bss)
    m_string_buff                            0x2000296c   Data          64  nrf_log_backend_uart.o(.bss)
    .bss                                     0x200029ac   Section      192  nrf_log_frontend.o(.bss)
    log_mempool_nrf_balloc_pool_mem          0x200029ac   Data         192  nrf_log_frontend.o(.bss)
    .bss                                     0x20002a6c   Section     1060  nrf_log_frontend.o(.bss)
    m_log_data                               0x20002a6c   Data        1060  nrf_log_frontend.o(.bss)
    STACK                                    0x20002e90   Section     8192  arm_startup_nrf52.o(STACK)

    Global Symbols

    Symbol Name                              Value     Ov Type        Size  Object(Section)

    BuildAttributes$$THM_ISAv4$E$P$D$K$B$S$7EM$VFPi3$EXTD16$VFPS$VFMA$PE$A:L22UL41UL21$X:L11$S22US41US21$IEEE1$IW$USESV6$~STKCKD$USESV7$~SHL$OSPACE$EBA8$MICROLIB$REQ8$EABIv2 0x00000000   Number         0  anon$$obj.o ABSOLUTE
    __ARM_use_no_argv                        0x00000000   Number         0  main.o ABSOLUTE
    __use_no_errno                           0x00000000   Number         0  useno.o ABSOLUTE
    __use_no_exception_handling              0x00000000   Number         0  useno.o ABSOLUTE
    __use_no_fp                              0x00000000   Number         0  useno.o ABSOLUTE
    __use_no_heap                            0x00000000   Number         0  useno.o ABSOLUTE
    __use_no_heap_region                     0x00000000   Number         0  useno.o ABSOLUTE
    __use_no_semihosting                     0x00000000   Number         0  useno.o ABSOLUTE
    __use_no_semihosting_swi                 0x00000000   Number         0  useno.o ABSOLUTE
    __use_no_signal_handling                 0x00000000   Number         0  useno.o ABSOLUTE
    __cpp_initialize__aeabi_                  - Undefined Weak Reference
    __cxa_finalize                            - Undefined Weak Reference
    _clock_init                               - Undefined Weak Reference
    _microlib_exit                            - Undefined Weak Reference
    fs_data$$Base                             - Undefined Reference
    fs_data$$Limit                            - Undefined Reference
    pwr_mgmt_data0$$Base                      - Undefined Reference
    pwr_mgmt_data0$$Limit                     - Undefined Reference
    pwr_mgmt_data1$$Base                      - Undefined Reference
    pwr_mgmt_data1$$Limit                     - Undefined Reference
    pwr_mgmt_data2$$Base                      - Undefined Reference
    pwr_mgmt_data2$$Limit                     - Undefined Reference
    sdh_req_observers1$$Base                  - Undefined Reference
    sdh_req_observers1$$Limit                 - Undefined Reference
    sdh_soc_observers1$$Base                  - Undefined Reference
    sdh_soc_observers1$$Limit                 - Undefined Reference
    sdh_stack_observers1$$Base                - Undefined Reference
    sdh_stack_observers1$$Limit               - Undefined Reference
    sdh_state_observers1$$Base                - Undefined Reference
    sdh_state_observers1$$Limit               - Undefined Reference
    __Vectors_Size                           0x00000200   Number         0  arm_startup_nrf52.o ABSOLUTE
    __Vectors                                0x00026000   Data           4  arm_startup_nrf52.o(RESET)
    __Vectors_End                            0x00026200   Data           0  arm_startup_nrf52.o(RESET)
    __main                                   0x00026201   Thumb Code     0  entry.o(.ARM.Collect$$$$00000000)
    _main_stk                                0x00026201   Thumb Code     0  entry2.o(.ARM.Collect$$$$00000001)
    _main_scatterload                        0x00026205   Thumb Code     0  entry5.o(.ARM.Collect$$$$00000004)
    __main_after_scatterload                 0x00026209   Thumb Code     0  entry5.o(.ARM.Collect$$$$00000004)
    _main_clock                              0x00026209   Thumb Code     0  entry7b.o(.ARM.Collect$$$$00000008)
    _main_cpp_init                           0x00026209   Thumb Code     0  entry8b.o(.ARM.Collect$$$$0000000A)
    _main_init                               0x00026209   Thumb Code     0  entry9a.o(.ARM.Collect$$$$0000000B)
    __rt_final_cpp                           0x00026211   Thumb Code     0  entry10a.o(.ARM.Collect$$$$0000000D)
    __rt_final_exit                          0x00026211   Thumb Code     0  entry11a.o(.ARM.Collect$$$$0000000F)
    __asm___12_nrf_atfifo_c_51f461e1__nrf_atfifo_wspace_req 0x00026215   Thumb Code    56  nrf_atfifo.o(.emb_text)
    __asm___12_nrf_atfifo_c_51f461e1__nrf_atfifo_wspace_close 0x0002624d   Thumb Code    18  nrf_atfifo.o(.emb_text)
    __asm___12_nrf_atfifo_c_51f461e1__nrf_atfifo_rspace_req 0x0002625f   Thumb Code    58  nrf_atfifo.o(.emb_text)
    __asm___12_nrf_atfifo_c_51f461e1__nrf_atfifo_rspace_close 0x00026299   Thumb Code    18  nrf_atfifo.o(.emb_text)
    __asm___12_nrf_atfifo_c_51f461e1__nrf_atfifo_space_clear 0x000262ab   Thumb Code    50  nrf_atfifo.o(.emb_text)
    __asm___12_nrf_atomic_c_85ca2469__nrf_atomic_internal_mov 0x000262dd   Thumb Code    24  nrf_atomic.o(.emb_text)
    __asm___12_nrf_atomic_c_85ca2469__nrf_atomic_internal_orr 0x000262f5   Thumb Code    26  nrf_atomic.o(.emb_text)
    __asm___12_nrf_atomic_c_85ca2469__nrf_atomic_internal_and 0x0002630f   Thumb Code    26  nrf_atomic.o(.emb_text)
    __asm___12_nrf_atomic_c_85ca2469__nrf_atomic_internal_eor 0x00026329   Thumb Code    26  nrf_atomic.o(.emb_text)
    __asm___12_nrf_atomic_c_85ca2469__nrf_atomic_internal_add 0x00026343   Thumb Code    26  nrf_atomic.o(.emb_text)
    __asm___12_nrf_atomic_c_85ca2469__nrf_atomic_internal_sub 0x0002635d   Thumb Code    26  nrf_atomic.o(.emb_text)
    __asm___12_nrf_atomic_c_85ca2469__nrf_atomic_internal_cmp_exch 0x00026377   Thumb Code    42  nrf_atomic.o(.emb_text)
    __asm___12_nrf_atomic_c_85ca2469__nrf_atomic_internal_sub_hs 0x000263a1   Thumb Code    30  nrf_atomic.o(.emb_text)
    Reset_Handler                            0x000263c1   Thumb Code     8  arm_startup_nrf52.o(.text)
    NMI_Handler                              0x000263c9   Thumb Code     2  arm_startup_nrf52.o(.text)
    HardFault_Handler                        0x000263cb   Thumb Code     2  arm_startup_nrf52.o(.text)
    MemoryManagement_Handler                 0x000263cd   Thumb Code     2  arm_startup_nrf52.o(.text)
    BusFault_Handler                         0x000263cf   Thumb Code     2  arm_startup_nrf52.o(.text)
    UsageFault_Handler                       0x000263d1   Thumb Code     2  arm_startup_nrf52.o(.text)
    SVC_Handler                              0x000263d3   Thumb Code     2  arm_startup_nrf52.o(.text)
    DebugMon_Handler                         0x000263d5   Thumb Code     2  arm_startup_nrf52.o(.text)
    PendSV_Handler                           0x000263d7   Thumb Code     2  arm_startup_nrf52.o(.text)
    SysTick_Handler                          0x000263d9   Thumb Code     2  arm_startup_nrf52.o(.text)
    CCM_AAR_IRQHandler                       0x000263db   Thumb Code     0  arm_startup_nrf52.o(.text)
    COMP_LPCOMP_IRQHandler                   0x000263db   Thumb Code     0  arm_startup_nrf52.o(.text)
    ECB_IRQHandler                           0x000263db   Thumb Code     0  arm_startup_nrf52.o(.text)
    FPU_IRQHandler                           0x000263db   Thumb Code     0  arm_startup_nrf52.o(.text)
    I2S_IRQHandler                           0x000263db   Thumb Code     0  arm_startup_nrf52.o(.text)
    MWU_IRQHandler                           0x000263db   Thumb Code     0  arm_startup_nrf52.o(.text)
    NFCT_IRQHandler                          0x000263db   Thumb Code     0  arm_startup_nrf52.o(.text)
    PDM_IRQHandler                           0x000263db   Thumb Code     0  arm_startup_nrf52.o(.text)
    PWM0_IRQHandler                          0x000263db   Thumb Code     0  arm_startup_nrf52.o(.text)
    PWM1_IRQHandler                          0x000263db   Thumb Code     0  arm_startup_nrf52.o(.text)
    PWM2_IRQHandler                          0x000263db   Thumb Code     0  arm_startup_nrf52.o(.text)
    QDEC_IRQHandler                          0x000263db   Thumb Code     0  arm_startup_nrf52.o(.text)
    RADIO_IRQHandler                         0x000263db   Thumb Code     0  arm_startup_nrf52.o(.text)
    RNG_IRQHandler                           0x000263db   Thumb Code     0  arm_startup_nrf52.o(.text)
    RTC0_IRQHandler                          0x000263db   Thumb Code     0  arm_startup_nrf52.o(.text)
    RTC2_IRQHandler                          0x000263db   Thumb Code     0  arm_startup_nrf52.o(.text)
    SAADC_IRQHandler                         0x000263db   Thumb Code     0  arm_startup_nrf52.o(.text)
    SPIM0_SPIS0_TWIM0_TWIS0_SPI0_TWI0_IRQHandler 0x000263db   Thumb Code     0  arm_startup_nrf52.o(.text)
    SPIM1_SPIS1_TWIM1_TWIS1_SPI1_TWI1_IRQHandler 0x000263db   Thumb Code     0  arm_startup_nrf52.o(.text)
    SPIM2_SPIS2_SPI2_IRQHandler              0x000263db   Thumb Code     0  arm_startup_nrf52.o(.text)
    SWI1_EGU1_IRQHandler                     0x000263db   Thumb Code     0  arm_startup_nrf52.o(.text)
    SWI3_EGU3_IRQHandler                     0x000263db   Thumb Code     0  arm_startup_nrf52.o(.text)
    SWI4_EGU4_IRQHandler                     0x000263db   Thumb Code     0  arm_startup_nrf52.o(.text)
    SWI5_EGU5_IRQHandler                     0x000263db   Thumb Code     0  arm_startup_nrf52.o(.text)
    TEMP_IRQHandler                          0x000263db   Thumb Code     0  arm_startup_nrf52.o(.text)
    TIMER0_IRQHandler                        0x000263db   Thumb Code     0  arm_startup_nrf52.o(.text)
    TIMER1_IRQHandler                        0x000263db   Thumb Code     0  arm_startup_nrf52.o(.text)
    TIMER2_IRQHandler                        0x000263db   Thumb Code     0  arm_startup_nrf52.o(.text)
    TIMER3_IRQHandler                        0x000263db   Thumb Code     0  arm_startup_nrf52.o(.text)
    TIMER4_IRQHandler                        0x000263db   Thumb Code     0  arm_startup_nrf52.o(.text)
    WDT_IRQHandler                           0x000263db   Thumb Code     0  arm_startup_nrf52.o(.text)
    __rt_ctype_table                         0x000263e5   Thumb Code     4  ctype_o.o(.text)
    __aeabi_memcpy                           0x000263ed   Thumb Code    36  memcpya.o(.text)
    __aeabi_memcpy4                          0x000263ed   Thumb Code     0  memcpya.o(.text)
    __aeabi_memcpy8                          0x000263ed   Thumb Code     0  memcpya.o(.text)
    __aeabi_memset                           0x00026411   Thumb Code    14  memseta.o(.text)
    __aeabi_memset4                          0x00026411   Thumb Code     0  memseta.o(.text)
    __aeabi_memset8                          0x00026411   Thumb Code     0  memseta.o(.text)
    __aeabi_memclr                           0x0002641f   Thumb Code     4  memseta.o(.text)
    __aeabi_memclr4                          0x0002641f   Thumb Code     0  memseta.o(.text)
    __aeabi_memclr8                          0x0002641f   Thumb Code     0  memseta.o(.text)
    _memset$wrapper                          0x00026423   Thumb Code    18  memseta.o(.text)
    strlen                                   0x00026435   Thumb Code    14  strlen.o(.text)
    memcmp                                   0x00026443   Thumb Code    26  memcmp.o(.text)
    __scatterload                            0x0002645d   Thumb Code    28  init.o(.text)
    __scatterload_rt2                        0x0002645d   Thumb Code     0  init.o(.text)
    __decompress                             0x00026481   Thumb Code     0  __dczerorl2.o(.text)
    __decompress1                            0x00026481   Thumb Code    86  __dczerorl2.o(.text)
    GPIOTE_IRQHandler                        0x000264d9   Thumb Code   346  nrfx_gpiote.o(i.GPIOTE_IRQHandler)
    POWER_CLOCK_IRQHandler                   0x000266a1   Thumb Code    82  nrfx_clock.o(i.POWER_CLOCK_IRQHandler)
    RTC1_IRQHandler                          0x000266f9   Thumb Code    32  app_timer.o(i.RTC1_IRQHandler)
    SWI0_EGU0_IRQHandler                     0x0002671d   Thumb Code     4  app_timer.o(i.SWI0_EGU0_IRQHandler)
    SWI2_EGU2_IRQHandler                     0x00026721   Thumb Code     4  nrf_sdh.o(i.SWI2_EGU2_IRQHandler)
    SystemInit                               0x00026725   Thumb Code   726  system_nrf52.o(i.SystemInit)
    UARTE0_UART0_IRQHandler                  0x00026a41   Thumb Code     6  nrfx_prs.o(i.UARTE0_UART0_IRQHandler)
    __scatterload_copy                       0x00026a4d   Thumb Code    14  handlers.o(i.__scatterload_copy)
    __scatterload_null                       0x00026a5b   Thumb Code     2  handlers.o(i.__scatterload_null)
    __scatterload_zeroinit                   0x00026a5d   Thumb Code    14  handlers.o(i.__scatterload_zeroinit)
    app_button_enable                        0x00026add   Thumb Code    32  app_button.o(i.app_button_enable)
    app_error_fault_handler                  0x00026b01   Thumb Code    84  app_error_weak.o(i.app_error_fault_handler)
    app_error_handler_bare                   0x00026b7d   Thumb Code    22  app_error.o(i.app_error_handler_bare)
    app_timer_init                           0x00026b95   Thumb Code    70  app_timer.o(i.app_timer_init)
    app_util_critical_region_enter           0x00026be9   Thumb Code    64  app_util_platform.o(i.app_util_critical_region_enter)
    app_util_critical_region_exit            0x00026c31   Thumb Code    46  app_util_platform.o(i.app_util_critical_region_exit)
    ble_advdata_name_find                    0x00026d75   Thumb Code    68  ble_advdata.o(i.ble_advdata_name_find)
    ble_advdata_search                       0x00026db9   Thumb Code    56  ble_advdata.o(i.ble_advdata_search)
    ble_db_discovery_evt_register            0x00026df1   Thumb Code    56  ble_db_discovery.o(i.ble_db_discovery_evt_register)
    ble_db_discovery_init                    0x00026e31   Thumb Code    24  ble_db_discovery.o(i.ble_db_discovery_init)
    ble_db_discovery_on_ble_evt              0x00026e4d   Thumb Code   138  ble_db_discovery.o(i.ble_db_discovery_on_ble_evt)
    ble_db_discovery_start                   0x00026edd   Thumb Code    34  ble_db_discovery.o(i.ble_db_discovery_start)
    ble_lbs_c_button_notif_enable            0x0002718d   Thumb Code    80  ble_lbs_c.o(i.ble_lbs_c_button_notif_enable)
    ble_lbs_c_handles_assign                 0x000271e5   Thumb Code    24  ble_lbs_c.o(i.ble_lbs_c_handles_assign)
    ble_lbs_c_init                           0x000271fd   Thumb Code    80  ble_lbs_c.o(i.ble_lbs_c_init)
    ble_lbs_c_on_ble_evt                     0x00027251   Thumb Code   116  ble_lbs_c.o(i.ble_lbs_c_on_ble_evt)
    ble_lbs_on_db_disc_evt                   0x000272c5   Thumb Code   136  ble_lbs_c.o(i.ble_lbs_on_db_disc_evt)
    ble_tes_c_color_notif_enable             0x0002734d   Thumb Code    30  ble_tes_c.o(i.ble_tes_c_color_notif_enable)
    ble_tes_c_gas_notif_enable               0x0002736b   Thumb Code    30  ble_tes_c.o(i.ble_tes_c_gas_notif_enable)
    ble_tes_c_handles_assign                 0x00027389   Thumb Code    28  ble_tes_c.o(i.ble_tes_c_handles_assign)
    ble_tes_c_humidity_notif_enable          0x000273a5   Thumb Code    30  ble_tes_c.o(i.ble_tes_c_humidity_notif_enable)
    ble_tes_c_init                           0x000273c5   Thumb Code   100  ble_tes_c.o(i.ble_tes_c_init)
    ble_tes_c_on_ble_evt                     0x0002742d   Thumb Code    84  ble_tes_c.o(i.ble_tes_c_on_ble_evt)
    ble_tes_c_pressure_notif_enable          0x00027481   Thumb Code    30  ble_tes_c.o(i.ble_tes_c_pressure_notif_enable)
    ble_tes_c_temperature_notif_enable       0x0002749f   Thumb Code    30  ble_tes_c.o(i.ble_tes_c_temperature_notif_enable)
    ble_tes_on_db_disc_evt                   0x000274bd   Thumb Code   174  ble_tes_c.o(i.ble_tes_on_db_disc_evt)
    bsp_board_init                           0x0002756d   Thumb Code    80  boards.o(i.bsp_board_init)
    bsp_board_led_off                        0x000275c1   Thumb Code    10  boards.o(i.bsp_board_led_off)
    bsp_board_led_on                         0x000275d1   Thumb Code    10  boards.o(i.bsp_board_led_on)
    bsp_board_leds_off                       0x000275e1   Thumb Code    18  boards.o(i.bsp_board_leds_off)
    bsp_event_to_button_action_assign        0x000275f5   Thumb Code    64  bsp.o(i.bsp_event_to_button_action_assign)
    buffer_is_empty                          0x000276e9   Thumb Code    16  nrf_log_frontend.o(i.buffer_is_empty)
    conn_handle_list_get                     0x00027885   Thumb Code    62  ble_conn_state.o(i.conn_handle_list_get)
    main                                     0x00028041   Thumb Code   194  main.o(i.main)
    nrf_atfifo_item_free                     0x000281e9   Thumb Code    22  nrf_atfifo.o(i.nrf_atfifo_item_free)
    nrf_atfifo_item_get                      0x000281ff   Thumb Code    22  nrf_atfifo.o(i.nrf_atfifo_item_get)
    nrf_atflags_clear                        0x00028215   Thumb Code    22  nrf_atflags.o(i.nrf_atflags_clear)
    nrf_atflags_get                          0x0002822b   Thumb Code    22  nrf_atflags.o(i.nrf_atflags_get)
    nrf_atflags_set                          0x00028241   Thumb Code    20  nrf_atflags.o(i.nrf_atflags_set)
    nrf_atomic_flag_clear_fetch              0x00028255   Thumb Code     6  nrf_atomic.o(i.nrf_atomic_flag_clear_fetch)
    nrf_atomic_flag_set                      0x0002825b   Thumb Code     6  nrf_atomic.o(i.nrf_atomic_flag_set)
    nrf_atomic_u32_add                       0x00028261   Thumb Code    12  nrf_atomic.o(i.nrf_atomic_u32_add)
    nrf_atomic_u32_and                       0x0002826d   Thumb Code    12  nrf_atomic.o(i.nrf_atomic_u32_and)
    nrf_atomic_u32_fetch_and                 0x00028279   Thumb Code    10  nrf_atomic.o(i.nrf_atomic_u32_fetch_and)
    nrf_atomic_u32_fetch_store               0x00028283   Thumb Code    10  nrf_atomic.o(i.nrf_atomic_u32_fetch_store)
    nrf_atomic_u32_or                        0x0002828d   Thumb Code    12  nrf_atomic.o(i.nrf_atomic_u32_or)
    nrf_atomic_u32_sub                       0x00028299   Thumb Code    12  nrf_atomic.o(i.nrf_atomic_u32_sub)
    nrf_balloc_alloc                         0x000282a5   Thumb Code    68  nrf_balloc.o(i.nrf_balloc_alloc)
    nrf_balloc_free                          0x000282e9   Thumb Code    48  nrf_balloc.o(i.nrf_balloc_free)
    nrf_balloc_init                          0x00028319   Thumb Code    48  nrf_balloc.o(i.nrf_balloc_init)
    nrf_ble_gatt_init                        0x0002836d   Thumb Code    34  nrf_ble_gatt.o(i.nrf_ble_gatt_init)
    nrf_ble_gatt_on_ble_evt                  0x00028391   Thumb Code   266  nrf_ble_gatt.o(i.nrf_ble_gatt_on_ble_evt)
    nrf_drv_clock_init                       0x000284f9   Thumb Code    48  nrf_drv_clock.o(i.nrf_drv_clock_init)
    nrf_drv_clock_lfclk_release              0x00028531   Thumb Code    42  nrf_drv_clock.o(i.nrf_drv_clock_lfclk_release)
    nrf_drv_uart_init                        0x00028561   Thumb Code    90  nrf_drv_uart.o(i.nrf_drv_uart_init)
    nrf_fprintf                              0x000285c9   Thumb Code    26  nrf_fprintf.o(i.nrf_fprintf)
    nrf_fprintf_buffer_flush                 0x000285e3   Thumb Code    24  nrf_fprintf.o(i.nrf_fprintf_buffer_flush)
    nrf_fprintf_fmt                          0x000285fb   Thumb Code   474  nrf_fprintf_format.o(i.nrf_fprintf_fmt)
    nrf_fstorage_sdh_req_handler             0x000287d5   Thumb Code    18  nrf_fstorage_sd.o(i.nrf_fstorage_sdh_req_handler)
    nrf_fstorage_sdh_state_handler           0x000287ed   Thumb Code    28  nrf_fstorage_sd.o(i.nrf_fstorage_sdh_state_handler)
    nrf_fstorage_sys_evt_handler             0x0002880d   Thumb Code   154  nrf_fstorage_sd.o(i.nrf_fstorage_sys_evt_handler)
    nrf_log_backend_add                      0x00028a11   Thumb Code    74  nrf_log_frontend.o(i.nrf_log_backend_add)
    nrf_log_backend_serial_put               0x00028a61   Thumb Code   200  nrf_log_backend_serial.o(i.nrf_log_backend_serial_put)
    nrf_log_backend_uart_init                0x00028b2b   Thumb Code     6  nrf_log_backend_uart.o(i.nrf_log_backend_uart_init)
    nrf_log_color_id_get                     0x00028b75   Thumb Code    42  nrf_log_frontend.o(i.nrf_log_color_id_get)
    nrf_log_default_backends_init            0x00028ba5   Thumb Code    22  nrf_log_default_backends.o(i.nrf_log_default_backends_init)
    nrf_log_frontend_dequeue                 0x00028bc1   Thumb Code   510  nrf_log_frontend.o(i.nrf_log_frontend_dequeue)
    nrf_log_frontend_std_0                   0x00028de1   Thumb Code     8  nrf_log_frontend.o(i.nrf_log_frontend_std_0)
    nrf_log_frontend_std_1                   0x00028de9   Thumb Code    14  nrf_log_frontend.o(i.nrf_log_frontend_std_1)
    nrf_log_frontend_std_2                   0x00028df7   Thumb Code    16  nrf_log_frontend.o(i.nrf_log_frontend_std_2)
    nrf_log_hexdump_entry_process            0x00028e09   Thumb Code   146  nrf_log_str_formatter.o(i.nrf_log_hexdump_entry_process)
    nrf_log_init                             0x00028eb5   Thumb Code    66  nrf_log_frontend.o(i.nrf_log_init)
    nrf_log_module_cnt_get                   0x00028f0d   Thumb Code    10  nrf_log_frontend.o(i.nrf_log_module_cnt_get)
    nrf_log_module_name_get                  0x00028f21   Thumb Code    24  nrf_log_frontend.o(i.nrf_log_module_name_get)
    nrf_log_panic                            0x00028f3d   Thumb Code    34  nrf_log_frontend.o(i.nrf_log_panic)
    nrf_log_std_entry_process                0x00028f65   Thumb Code   182  nrf_log_str_formatter.o(i.nrf_log_std_entry_process)
    nrf_memobj_alloc                         0x0002901b   Thumb Code    96  nrf_memobj.o(i.nrf_memobj_alloc)
    nrf_memobj_free                          0x0002907b   Thumb Code    50  nrf_memobj.o(i.nrf_memobj_free)
    nrf_memobj_get                           0x000290ad   Thumb Code     8  nrf_memobj.o(i.nrf_memobj_get)
    nrf_memobj_pool_init                     0x000290b5   Thumb Code     4  nrf_memobj.o(i.nrf_memobj_pool_init)
    nrf_memobj_put                           0x000290b9   Thumb Code    30  nrf_memobj.o(i.nrf_memobj_put)
    nrf_memobj_read                          0x000290d7   Thumb Code    12  nrf_memobj.o(i.nrf_memobj_read)
    nrf_memobj_write                         0x000290e3   Thumb Code    12  nrf_memobj.o(i.nrf_memobj_write)
    nrf_pwr_mgmt_init                        0x000290f1   Thumb Code    28  nrf_pwr_mgmt.o(i.nrf_pwr_mgmt_init)
    nrf_pwr_mgmt_run                         0x00029119   Thumb Code    64  nrf_pwr_mgmt.o(i.nrf_pwr_mgmt_run)
    nrf_sdh_ble_app_ram_start_get            0x0002915d   Thumb Code    16  nrf_sdh_ble.o(i.nrf_sdh_ble_app_ram_start_get)
    nrf_sdh_ble_default_cfg_set              0x00029171   Thumb Code   236  nrf_sdh_ble.o(i.nrf_sdh_ble_default_cfg_set)
    nrf_sdh_ble_enable                       0x00029275   Thumb Code   116  nrf_sdh_ble.o(i.nrf_sdh_ble_enable)
    nrf_sdh_disable_request                  0x000293fd   Thumb Code    80  nrf_sdh.o(i.nrf_sdh_disable_request)
    nrf_sdh_enable_request                   0x00029451   Thumb Code   130  nrf_sdh.o(i.nrf_sdh_enable_request)
    nrf_sdh_evts_poll                        0x000294e1   Thumb Code    32  nrf_sdh.o(i.nrf_sdh_evts_poll)
    nrf_sdh_is_enabled                       0x00029505   Thumb Code     6  nrf_sdh.o(i.nrf_sdh_is_enabled)
    nrf_sdh_request_continue                 0x00029511   Thumb Code    22  nrf_sdh.o(i.nrf_sdh_request_continue)
    nrf_section_iter_init                    0x00029569   Thumb Code    10  nrf_section_iter.o(i.nrf_section_iter_init)
    nrf_section_iter_next                    0x00029597   Thumb Code    32  nrf_section_iter.o(i.nrf_section_iter_next)
    nrf_strerror_find                        0x000295b9   Thumb Code    52  nrf_strerror.o(i.nrf_strerror_find)
    nrf_strerror_get                         0x000295f1   Thumb Code    14  nrf_strerror.o(i.nrf_strerror_get)
    nrfx_clock_enable                        0x0002963d   Thumb Code    36  nrfx_clock.o(i.nrfx_clock_enable)
    nrfx_clock_init                          0x00029669   Thumb Code    26  nrfx_clock.o(i.nrfx_clock_init)
    nrfx_clock_lfclk_stop                    0x00029689   Thumb Code    20  nrfx_clock.o(i.nrfx_clock_lfclk_stop)
    nrfx_gpiote_in_event_enable              0x000296b5   Thumb Code   156  nrfx_gpiote.o(i.nrfx_gpiote_in_event_enable)
    nrfx_prs_acquire                         0x00029769   Thumb Code    58  nrfx_prs.o(i.nrfx_prs_acquire)
    nrfx_prs_release                         0x000297a3   Thumb Code    18  nrfx_prs.o(i.nrfx_prs_release)
    nrfx_uart_0_irq_handler                  0x000297b5   Thumb Code     8  nrfx_uart.o(i.nrfx_uart_0_irq_handler)
    nrfx_uart_init                           0x000297c5   Thumb Code   200  nrfx_uart.o(i.nrfx_uart_init)
    nrfx_uart_tx                             0x00029899   Thumb Code   160  nrfx_uart.o(i.nrfx_uart_tx)
    nrfx_uart_tx_in_progress                 0x0002993d   Thumb Code    26  nrfx_uart.o(i.nrfx_uart_tx_in_progress)
    nrfx_uart_uninit                         0x0002995d   Thumb Code   170  nrfx_uart.o(i.nrfx_uart_uninit)
    nrfx_uarte_0_irq_handler                 0x00029a11   Thumb Code     8  nrfx_uarte.o(i.nrfx_uarte_0_irq_handler)
    nrfx_uarte_init                          0x00029a21   Thumb Code   100  nrfx_uarte.o(i.nrfx_uarte_init)
    nrfx_uarte_tx                            0x00029a8d   Thumb Code   138  nrfx_uarte.o(i.nrfx_uarte_tx)
    nrfx_uarte_tx_in_progress                0x00029b1d   Thumb Code    22  nrfx_uarte.o(i.nrfx_uarte_tx_in_progress)
    nrfx_uarte_uninit                        0x00029b39   Thumb Code   166  nrfx_uarte.o(i.nrfx_uarte_uninit)
    nrf_log_backend_uart_api                 0x0002afa8   Data          12  nrf_log_backend_uart.o(.constdata)
    m_ram_start                              0x0002b04c   Data           4  nrf_sdh_ble.o(.constdata)
    __ctype_table                            0x0002b078   Data         129  ctype_o.o(.constdata)
    Region$$Table$$Base                      0x0002b844   Number         0  anon$$obj.o(Region$$Table)
    Region$$Table$$Limit                     0x0002b864   Number         0  anon$$obj.o(Region$$Table)
    log_const_data$$Base                     0x0002b864   Number         0  ble_db_discovery.o(log_const_data)
    m_nrf_log_ble_db_disc_logs_data_const    0x0002b864   Data           8  ble_db_discovery.o(log_const_data)
    m_nrf_log_nrf_ble_gatt_logs_data_const   0x0002b86c   Data           8  nrf_ble_gatt.o(log_const_data)
    m_nrf_log_ble_lbs_c_logs_data_const      0x0002b874   Data           8  ble_lbs_c.o(log_const_data)
    m_nrf_log_ble_tes_c_logs_data_const      0x0002b87c   Data           8  ble_tes_c.o(log_const_data)
    m_nrf_log_clock_logs_data_const          0x0002b884   Data           8  nrf_drv_clock.o(log_const_data)
    m_nrf_log_CLOCK_logs_data_const          0x0002b88c   Data           8  nrfx_clock.o(log_const_data)
    m_nrf_log_GPIOTE_logs_data_const         0x0002b894   Data           8  nrfx_gpiote.o(log_const_data)
    m_nrf_log_PRS_logs_data_const            0x0002b89c   Data           8  nrfx_prs.o(log_const_data)
    m_nrf_log_UART_logs_data_const           0x0002b8a4   Data           8  nrfx_uart.o(log_const_data)
    m_nrf_log_UARTE_logs_data_const          0x0002b8ac   Data           8  nrfx_uarte.o(log_const_data)
    m_nrf_log_nrf_fstorage_logs_data_const   0x0002b8b4   Data           8  nrf_fstorage.o(log_const_data)
    m_nrf_log_atfifo_m_fifo_logs_data_const  0x0002b8bc   Data           8  nrf_fstorage_sd.o(log_const_data)
    m_nrf_log_pwr_mgmt_logs_data_const       0x0002b8c4   Data           8  nrf_pwr_mgmt.o(log_const_data)
    m_nrf_log_balloc_log_mempool_logs_data_const 0x0002b8cc   Data           8  nrf_log_frontend.o(log_const_data)
    m_nrf_log_app_logs_data_const            0x0002b8d4   Data           8  nrf_log_frontend.o(log_const_data)
    m_nrf_log_nrf_sdh_logs_data_const        0x0002b8dc   Data           8  nrf_sdh.o(log_const_data)
    m_nrf_log_nrf_sdh_ble_logs_data_const    0x0002b8e4   Data           8  nrf_sdh_ble.o(log_const_data)
    m_nrf_log_nrf_sdh_soc_logs_data_const    0x0002b8ec   Data           8  nrf_sdh_soc.o(log_const_data)
    log_const_data$$Limit                    0x0002b8f4   Number         0  nrf_sdh_soc.o(log_const_data)
    log_mempool                              0x0002b8f4   Data          24  nrf_log_frontend.o(nrf_balloc)
    sdh_ble_observers0$$Base                 0x0002b90c   Number         0  ble_conn_state.o(sdh_ble_observers0)
    sdh_ble_observers0$$Limit                0x0002b914   Number         0  ble_conn_state.o(sdh_ble_observers0)
    sdh_ble_observers1$$Base                 0x0002b914   Number         0  main.o(sdh_ble_observers1)
    sdh_ble_observers1$$Limit                0x0002b92c   Number         0  bsp_btn_ble.o(sdh_ble_observers1)
    sdh_ble_observers2$$Base                 0x0002b92c   Number         0  main.o(sdh_ble_observers2)
    sdh_ble_observers2$$Limit                0x0002b93c   Number         0  main.o(sdh_ble_observers2)
    sdh_ble_observers3$$Base                 0x0002b93c   Number         0  main.o(sdh_ble_observers3)
    m_req_obs                                0x0002b944   Data           8  nrf_fstorage_sd.o(sdh_req_observers0)
    sdh_ble_observers3$$Limit                0x0002b944   Number         0  main.o(sdh_ble_observers3)
    sdh_req_observers0$$Base                 0x0002b944   Number         0  nrf_fstorage_sd.o(sdh_req_observers0)
    sdh_req_observers0$$Limit                0x0002b94c   Number         0  nrf_fstorage_sd.o(sdh_req_observers0)
    sdh_soc_observers0$$Base                 0x0002b94c   Number         0  nrf_drv_clock.o(sdh_soc_observers0)
    sdh_soc_observers0$$Limit                0x0002b95c   Number         0  nrf_fstorage_sd.o(sdh_soc_observers0)
    sdh_stack_observers0$$Base               0x0002b95c   Number         0  nrf_sdh_ble.o(sdh_stack_observers0)
    sdh_stack_observers0$$Limit              0x0002b96c   Number         0  nrf_sdh_soc.o(sdh_stack_observers0)
    sdh_state_observers0$$Base               0x0002b96c   Number         0  nrf_drv_clock.o(sdh_state_observers0)
    sdh_state_observers0$$Limit              0x0002b97c   Number         0  nrf_fstorage_sd.o(sdh_state_observers0)
    Image$$RW_IRAM1$$Base                    0x20001d70   Number         0  anon$$obj.o ABSOLUTE
    nrf_drv_uart_use_easy_dma                0x2000206c   Data           1  nrf_drv_uart.o(.data)
    m_uart                                   0x200020e4   Data          20  nrf_log_backend_uart.o(.data)
    SystemCoreClock                          0x20002158   Data           4  system_nrf52.o(.data)
    log_dynamic_data$$Base                   0x2000215c   Number         0  ble_db_discovery.o(log_dynamic_data)
    m_nrf_log_ble_db_disc_logs_data_dynamic  0x2000215c   Data           4  ble_db_discovery.o(log_dynamic_data)
    m_nrf_log_nrf_ble_gatt_logs_data_dynamic 0x20002160   Data           4  nrf_ble_gatt.o(log_dynamic_data)
    m_nrf_log_ble_lbs_c_logs_data_dynamic    0x20002164   Data           4  ble_lbs_c.o(log_dynamic_data)
    m_nrf_log_ble_tes_c_logs_data_dynamic    0x20002168   Data           4  ble_tes_c.o(log_dynamic_data)
    m_nrf_log_clock_logs_data_dynamic        0x2000216c   Data           4  nrf_drv_clock.o(log_dynamic_data)
    m_nrf_log_CLOCK_logs_data_dynamic        0x20002170   Data           4  nrfx_clock.o(log_dynamic_data)
    m_nrf_log_GPIOTE_logs_data_dynamic       0x20002174   Data           4  nrfx_gpiote.o(log_dynamic_data)
    m_nrf_log_PRS_logs_data_dynamic          0x20002178   Data           4  nrfx_prs.o(log_dynamic_data)
    m_nrf_log_UART_logs_data_dynamic         0x2000217c   Data           4  nrfx_uart.o(log_dynamic_data)
    m_nrf_log_UARTE_logs_data_dynamic        0x20002180   Data           4  nrfx_uarte.o(log_dynamic_data)
    m_nrf_log_nrf_fstorage_logs_data_dynamic 0x20002184   Data           4  nrf_fstorage.o(log_dynamic_data)
    m_nrf_log_atfifo_m_fifo_logs_data_dynamic 0x20002188   Data           4  nrf_fstorage_sd.o(log_dynamic_data)
    m_nrf_log_pwr_mgmt_logs_data_dynamic     0x2000218c   Data           4  nrf_pwr_mgmt.o(log_dynamic_data)
    m_nrf_log_balloc_log_mempool_logs_data_dynamic 0x20002190   Data           4  nrf_log_frontend.o(log_dynamic_data)
    m_nrf_log_app_logs_data_dynamic          0x20002194   Data           4  nrf_log_frontend.o(log_dynamic_data)
    m_nrf_log_nrf_sdh_logs_data_dynamic      0x20002198   Data           4  nrf_sdh.o(log_dynamic_data)
    m_nrf_log_nrf_sdh_ble_logs_data_dynamic  0x2000219c   Data           4  nrf_sdh_ble.o(log_dynamic_data)
    m_nrf_log_nrf_sdh_soc_logs_data_dynamic  0x200021a0   Data           4  nrf_sdh_soc.o(log_dynamic_data)
    nrf_nvic_state                           0x200028b4   Data          12  app_util_platform.o(.bss)
    __initial_sp                             0x20004e90   Data           0  arm_startup_nrf52.o(STACK)



==============================================================================

Memory Map of the image

  Image Entry point : 0x00026201

  Load Region LR_IROM1 (Base: 0x00026000, Size: 0x00005db0, Max: 0x0005a000, ABSOLUTE, COMPRESSED[0x000059cc])

    Execution Region ER_IROM1 (Exec base: 0x00026000, Load base: 0x00026000, Size: 0x0000597c, Max: 0x0005a000, ABSOLUTE)

    Exec Addr    Load Addr    Size         Type   Attr      Idx    E Section Name        Object

    0x00026000   0x00026000   0x00000200   Data   RO         4775    RESET               arm_startup_nrf52.o
    0x00026200   0x00026200   0x00000000   Code   RO         4816  * .ARM.Collect$$$$00000000  mc_w.l(entry.o)
    0x00026200   0x00026200   0x00000004   Code   RO         4870    .ARM.Collect$$$$00000001  mc_w.l(entry2.o)
    0x00026204   0x00026204   0x00000004   Code   RO         4873    .ARM.Collect$$$$00000004  mc_w.l(entry5.o)
    0x00026208   0x00026208   0x00000000   Code   RO         4875    .ARM.Collect$$$$00000008  mc_w.l(entry7b.o)
    0x00026208   0x00026208   0x00000000   Code   RO         4877    .ARM.Collect$$$$0000000A  mc_w.l(entry8b.o)
    0x00026208   0x00026208   0x00000008   Code   RO         4878    .ARM.Collect$$$$0000000B  mc_w.l(entry9a.o)
    0x00026210   0x00026210   0x00000000   Code   RO         4880    .ARM.Collect$$$$0000000D  mc_w.l(entry10a.o)
    0x00026210   0x00026210   0x00000000   Code   RO         4882    .ARM.Collect$$$$0000000F  mc_w.l(entry11a.o)
    0x00026210   0x00026210   0x00000004   Code   RO         4871    .ARM.Collect$$$$00002712  mc_w.l(entry2.o)
    0x00026214   0x00026214   0x000000c8   Code   RO         2985    .emb_text           nrf_atfifo.o
    0x000262dc   0x000262dc   0x000000e2   Code   RO         3124    .emb_text           nrf_atomic.o
    0x000263be   0x000263be   0x00000002   PAD
    0x000263c0   0x000263c0   0x00000024   Code   RO         4776    .text               arm_startup_nrf52.o
    0x000263e4   0x000263e4   0x00000008   Code   RO         4828    .text               mc_w.l(ctype_o.o)
    0x000263ec   0x000263ec   0x00000024   Code   RO         4856    .text               mc_w.l(memcpya.o)
    0x00026410   0x00026410   0x00000024   Code   RO         4858    .text               mc_w.l(memseta.o)
    0x00026434   0x00026434   0x0000000e   Code   RO         4860    .text               mc_w.l(strlen.o)
    0x00026442   0x00026442   0x0000001a   Code   RO         4864    .text               mc_w.l(memcmp.o)
    0x0002645c   0x0002645c   0x00000024   Code   RO         4888    .text               mc_w.l(init.o)
    0x00026480   0x00026480   0x00000056   Code   RO         4898    .text               mc_w.l(__dczerorl2.o)
    0x000264d6   0x000264d6   0x00000002   PAD
    0x000264d8   0x000264d8   0x00000164   Code   RO         1803    i.GPIOTE_IRQHandler  nrfx_gpiote.o
    0x0002663c   0x0002663c   0x00000016   Code   RO         2699    i.NVIC_ClearPendingIRQ  app_timer.o
    0x00026652   0x00026652   0x00000016   Code   RO         2700    i.NVIC_EnableIRQ    app_timer.o
    0x00026668   0x00026668   0x00000016   Code   RO         2701    i.NVIC_SetPendingIRQ  app_timer.o
    0x0002667e   0x0002667e   0x00000020   Code   RO         2702    i.NVIC_SetPriority  app_timer.o
    0x0002669e   0x0002669e   0x00000002   PAD
    0x000266a0   0x000266a0   0x00000058   Code   RO         1671    i.POWER_CLOCK_IRQHandler  nrfx_clock.o
    0x000266f8   0x000266f8   0x00000024   Code   RO         2703    i.RTC1_IRQHandler   app_timer.o
    0x0002671c   0x0002671c   0x00000004   Code   RO         2704    i.SWI0_EGU0_IRQHandler  app_timer.o
    0x00026720   0x00026720   0x00000004   Code   RO         4562    i.SWI2_EGU2_IRQHandler  nrf_sdh.o
    0x00026724   0x00026724   0x0000031c   Code   RO         4784    i.SystemInit        system_nrf52.o
    0x00026a40   0x00026a40   0x0000000c   Code   RO         2102    i.UARTE0_UART0_IRQHandler  nrfx_prs.o
    0x00026a4c   0x00026a4c   0x0000000e   Code   RO         4892    i.__scatterload_copy  mc_w.l(handlers.o)
    0x00026a5a   0x00026a5a   0x00000002   Code   RO         4893    i.__scatterload_null  mc_w.l(handlers.o)
    0x00026a5c   0x00026a5c   0x0000000e   Code   RO         4894    i.__scatterload_zeroinit  mc_w.l(handlers.o)
    0x00026a6a   0x00026a6a   0x00000002   PAD
    0x00026a6c   0x00026a6c   0x00000024   Code   RO         4563    i.__sd_nvic_app_accessible_irq  nrf_sdh.o
    0x00026a90   0x00026a90   0x00000016   Code   RO         4564    i.__sd_nvic_is_app_accessible_priority  nrf_sdh.o
    0x00026aa6   0x00026aa6   0x00000036   Code   RO          596    i.advertising_buttons_configure  bsp_btn_ble.o
    0x00026adc   0x00026adc   0x00000024   Code   RO         2494    i.app_button_enable  app_button.o
    0x00026b00   0x00026b00   0x0000007c   Code   RO         2614    i.app_error_fault_handler  app_error_weak.o
    0x00026b7c   0x00026b7c   0x00000016   Code   RO         2558    i.app_error_handler_bare  app_error.o
    0x00026b92   0x00026b92   0x00000002   PAD
    0x00026b94   0x00026b94   0x00000054   Code   RO         2708    i.app_timer_init    app_timer.o
    0x00026be8   0x00026be8   0x00000048   Code   RO         2872    i.app_util_critical_region_enter  app_util_platform.o
    0x00026c30   0x00026c30   0x00000034   Code   RO         2873    i.app_util_critical_region_exit  app_util_platform.o
    0x00026c64   0x00026c64   0x00000088   Code   RO         2153    i.apply_config      nrfx_uart.o
    0x00026cec   0x00026cec   0x00000088   Code   RO         2341    i.apply_config      nrfx_uarte.o
    0x00026d74   0x00026d74   0x00000044   Code   RO          644    i.ble_advdata_name_find  ble_advdata.o
    0x00026db8   0x00026db8   0x00000038   Code   RO          646    i.ble_advdata_search  ble_advdata.o
    0x00026df0   0x00026df0   0x00000040   Code   RO         1025    i.ble_db_discovery_evt_register  ble_db_discovery.o
    0x00026e30   0x00026e30   0x0000001c   Code   RO         1026    i.ble_db_discovery_init  ble_db_discovery.o
    0x00026e4c   0x00026e4c   0x00000090   Code   RO         1027    i.ble_db_discovery_on_ble_evt  ble_db_discovery.o
    0x00026edc   0x00026edc   0x00000028   Code   RO         1028    i.ble_db_discovery_start  ble_db_discovery.o
    0x00026f04   0x00026f04   0x00000114   Code   RO            5    i.ble_evt_handler   main.o
    0x00027018   0x00027018   0x00000070   Code   RO          597    i.ble_evt_handler   bsp_btn_ble.o
    0x00027088   0x00027088   0x00000104   Code   RO          871    i.ble_evt_handler   ble_conn_state.o
    0x0002718c   0x0002718c   0x00000058   Code   RO         1305    i.ble_lbs_c_button_notif_enable  ble_lbs_c.o
    0x000271e4   0x000271e4   0x00000018   Code   RO         1306    i.ble_lbs_c_handles_assign  ble_lbs_c.o
    0x000271fc   0x000271fc   0x00000054   Code   RO         1307    i.ble_lbs_c_init    ble_lbs_c.o
    0x00027250   0x00027250   0x00000074   Code   RO         1308    i.ble_lbs_c_on_ble_evt  ble_lbs_c.o
    0x000272c4   0x000272c4   0x00000088   Code   RO         1310    i.ble_lbs_on_db_disc_evt  ble_lbs_c.o
    0x0002734c   0x0002734c   0x0000001e   Code   RO         1372    i.ble_tes_c_color_notif_enable  ble_tes_c.o
    0x0002736a   0x0002736a   0x0000001e   Code   RO         1374    i.ble_tes_c_gas_notif_enable  ble_tes_c.o
    0x00027388   0x00027388   0x0000001c   Code   RO         1375    i.ble_tes_c_handles_assign  ble_tes_c.o
    0x000273a4   0x000273a4   0x0000001e   Code   RO         1376    i.ble_tes_c_humidity_notif_enable  ble_tes_c.o
    0x000273c2   0x000273c2   0x00000002   PAD
    0x000273c4   0x000273c4   0x00000068   Code   RO         1377    i.ble_tes_c_init    ble_tes_c.o
    0x0002742c   0x0002742c   0x00000054   Code   RO         1378    i.ble_tes_c_on_ble_evt  ble_tes_c.o
    0x00027480   0x00027480   0x0000001e   Code   RO         1379    i.ble_tes_c_pressure_notif_enable  ble_tes_c.o
    0x0002749e   0x0002749e   0x0000001e   Code   RO         1380    i.ble_tes_c_temperature_notif_enable  ble_tes_c.o
    0x000274bc   0x000274bc   0x000000ae   Code   RO         1381    i.ble_tes_on_db_disc_evt  ble_tes_c.o
    0x0002756a   0x0002756a   0x00000002   PAD
    0x0002756c   0x0002756c   0x00000054   Code   RO          348    i.bsp_board_init    boards.o
    0x000275c0   0x000275c0   0x00000010   Code   RO          351    i.bsp_board_led_off  boards.o
    0x000275d0   0x000275d0   0x00000010   Code   RO          352    i.bsp_board_led_on  boards.o
    0x000275e0   0x000275e0   0x00000012   Code   RO          354    i.bsp_board_leds_off  boards.o
    0x000275f2   0x000275f2   0x00000002   PAD
    0x000275f4   0x000275f4   0x00000044   Code   RO          484    i.bsp_event_to_button_action_assign  bsp.o
    0x00027638   0x00027638   0x00000090   Code   RO         3961    i.buf_prealloc      nrf_log_frontend.o
    0x000276c8   0x000276c8   0x0000001e   Code   RO         3336    i.buffer_add        nrf_fprintf_format.o
    0x000276e6   0x000276e6   0x00000002   PAD
    0x000276e8   0x000276e8   0x00000014   Code   RO         3962    i.buffer_is_empty   nrf_log_frontend.o
    0x000276fc   0x000276fc   0x00000044   Code   RO         1382    i.cccd_configure_tes  ble_tes_c.o
    0x00027740   0x00027740   0x00000010   Code   RO         1806    i.channel_port_get  nrfx_gpiote.o
    0x00027750   0x00027750   0x00000042   Code   RO         1029    i.characteristics_discover  ble_db_discovery.o
    0x00027792   0x00027792   0x00000002   PAD
    0x00027794   0x00027794   0x00000028   Code   RO         1473    i.clock_clk_started_notify  nrf_drv_clock.o
    0x000277bc   0x000277bc   0x0000001c   Code   RO         1474    i.clock_irq_handler  nrf_drv_clock.o
    0x000277d8   0x000277d8   0x000000ac   Code   RO         2714    i.compare_reg_update  app_timer.o
    0x00027884   0x00027884   0x0000003e   Code   RO          872    i.conn_handle_list_get  ble_conn_state.o
    0x000278c2   0x000278c2   0x00000002   PAD
    0x000278c4   0x000278c4   0x000000bc   Code   RO         1206    i.data_length_update  nrf_ble_gatt.o
    0x00027980   0x00027980   0x00000020   Code   RO            6    i.db_disc_handler   main.o
    0x000279a0   0x000279a0   0x0000008c   Code   RO         1030    i.descriptors_discover  ble_db_discovery.o
    0x00027a2c   0x00027a2c   0x00000090   Code   RO         1031    i.discovery_complete_evt_trigger  ble_db_discovery.o
    0x00027abc   0x00027abc   0x0000003c   Code   RO         1032    i.discovery_error_evt_trigger  ble_db_discovery.o
    0x00027af8   0x00027af8   0x0000005c   Code   RO         1033    i.discovery_start   ble_db_discovery.o
    0x00027b54   0x00027b54   0x00000014   Code   RO         3964    i.dropped_sat16_get  nrf_log_frontend.o
    0x00027b68   0x00027b68   0x00000040   Code   RO         2715    i.elapsed_ticks_acquire  app_timer.o
    0x00027ba8   0x00027ba8   0x00000054   Code   RO         3461    i.event_send        nrf_fstorage_sd.o
    0x00027bfc   0x00027bfc   0x000000a6   Code   RO         3337    i.int_print         nrf_fprintf_format.o
    0x00027ca2   0x00027ca2   0x00000002   PAD
    0x00027ca4   0x00027ca4   0x00000080   Code   RO         2342    i.interrupts_enable  nrfx_uarte.o
    0x00027d24   0x00027d24   0x0000004c   Code   RO         3965    i.invalid_packets_pushed_str_omit  nrf_log_frontend.o
    0x00027d70   0x00027d70   0x0000004c   Code   RO         1034    i.is_desc_discovery_reqd  ble_db_discovery.o
    0x00027dbc   0x00027dbc   0x000000dc   Code   RO            7    i.lbs_c_evt_handler  main.o
    0x00027e98   0x00027e98   0x00000014   Code   RO         1207    i.link_init         nrf_ble_gatt.o
    0x00027eac   0x00027eac   0x000000f8   Code   RO         2716    i.list_insertions_handler  app_timer.o
    0x00027fa4   0x00027fa4   0x0000009c   Code   RO         3966    i.log_skip          nrf_log_frontend.o
    0x00028040   0x00028040   0x00000100   Code   RO            8    i.main              main.o
    0x00028140   0x00028140   0x00000076   Code   RO         3575    i.memobj_op         nrf_memobj.o
    0x000281b6   0x000281b6   0x00000002   PAD
    0x000281b8   0x000281b8   0x00000030   Code   RO         3967    i.module_idx_get    nrf_log_frontend.o
    0x000281e8   0x000281e8   0x00000016   Code   RO         2991    i.nrf_atfifo_item_free  nrf_atfifo.o
    0x000281fe   0x000281fe   0x00000016   Code   RO         2992    i.nrf_atfifo_item_get  nrf_atfifo.o
    0x00028214   0x00028214   0x00000016   Code   RO         3058    i.nrf_atflags_clear  nrf_atflags.o
    0x0002822a   0x0002822a   0x00000016   Code   RO         3063    i.nrf_atflags_get   nrf_atflags.o
    0x00028240   0x00028240   0x00000014   Code   RO         3065    i.nrf_atflags_set   nrf_atflags.o
    0x00028254   0x00028254   0x00000006   Code   RO         3126    i.nrf_atomic_flag_clear_fetch  nrf_atomic.o
    0x0002825a   0x0002825a   0x00000006   Code   RO         3127    i.nrf_atomic_flag_set  nrf_atomic.o
    0x00028260   0x00028260   0x0000000c   Code   RO         3129    i.nrf_atomic_u32_add  nrf_atomic.o
    0x0002826c   0x0002826c   0x0000000c   Code   RO         3130    i.nrf_atomic_u32_and  nrf_atomic.o
    0x00028278   0x00028278   0x0000000a   Code   RO         3133    i.nrf_atomic_u32_fetch_and  nrf_atomic.o
    0x00028282   0x00028282   0x0000000a   Code   RO         3135    i.nrf_atomic_u32_fetch_store  nrf_atomic.o
    0x0002828c   0x0002828c   0x0000000c   Code   RO         3139    i.nrf_atomic_u32_or  nrf_atomic.o
    0x00028298   0x00028298   0x0000000c   Code   RO         3141    i.nrf_atomic_u32_sub  nrf_atomic.o
    0x000282a4   0x000282a4   0x00000044   Code   RO         3260    i.nrf_balloc_alloc  nrf_balloc.o
    0x000282e8   0x000282e8   0x00000030   Code   RO         3261    i.nrf_balloc_free   nrf_balloc.o
    0x00028318   0x00028318   0x00000030   Code   RO         3262    i.nrf_balloc_init   nrf_balloc.o
    0x00028348   0x00028348   0x00000010   Code   RO         1807    i.nrf_bitmask_bit_is_set  nrfx_gpiote.o
    0x00028358   0x00028358   0x00000014   Code   RO         1808    i.nrf_bitmask_bit_set  nrfx_gpiote.o
    0x0002836c   0x0002836c   0x00000022   Code   RO         1213    i.nrf_ble_gatt_init  nrf_ble_gatt.o
    0x0002838e   0x0002838e   0x00000002   PAD
    0x00028390   0x00028390   0x00000148   Code   RO         1214    i.nrf_ble_gatt_on_ble_evt  nrf_ble_gatt.o
    0x000284d8   0x000284d8   0x0000000e   Code   RO         1672    i.nrf_clock_event_check  nrfx_clock.o
    0x000284e6   0x000284e6   0x00000010   Code   RO         1673    i.nrf_clock_event_clear  nrfx_clock.o
    0x000284f6   0x000284f6   0x00000002   PAD
    0x000284f8   0x000284f8   0x00000038   Code   RO         1481    i.nrf_drv_clock_init  nrf_drv_clock.o
    0x00028530   0x00028530   0x00000030   Code   RO         1485    i.nrf_drv_clock_lfclk_release  nrf_drv_clock.o
    0x00028560   0x00028560   0x00000068   Code   RO         1619    i.nrf_drv_uart_init  nrf_drv_uart.o
    0x000285c8   0x000285c8   0x0000001a   Code   RO         3297    i.nrf_fprintf       nrf_fprintf.o
    0x000285e2   0x000285e2   0x00000018   Code   RO         3298    i.nrf_fprintf_buffer_flush  nrf_fprintf.o
    0x000285fa   0x000285fa   0x000001da   Code   RO         3338    i.nrf_fprintf_fmt   nrf_fprintf_format.o
    0x000287d4   0x000287d4   0x00000018   Code   RO         3464    i.nrf_fstorage_sdh_req_handler  nrf_fstorage_sd.o
    0x000287ec   0x000287ec   0x00000020   Code   RO         3465    i.nrf_fstorage_sdh_state_handler  nrf_fstorage_sd.o
    0x0002880c   0x0002880c   0x000000a4   Code   RO         3466    i.nrf_fstorage_sys_evt_handler  nrf_fstorage_sd.o
    0x000288b0   0x000288b0   0x00000024   Code   RO          358    i.nrf_gpio_cfg      boards.o
    0x000288d4   0x000288d4   0x00000024   Code   RO         2154    i.nrf_gpio_cfg      nrfx_uart.o
    0x000288f8   0x000288f8   0x00000024   Code   RO         2343    i.nrf_gpio_cfg      nrfx_uarte.o
    0x0002891c   0x0002891c   0x00000012   Code   RO         2155    i.nrf_gpio_cfg_default  nrfx_uart.o
    0x0002892e   0x0002892e   0x00000012   Code   RO         2344    i.nrf_gpio_cfg_default  nrfx_uarte.o
    0x00028940   0x00028940   0x00000012   Code   RO         2156    i.nrf_gpio_cfg_input  nrfx_uart.o
    0x00028952   0x00028952   0x00000012   Code   RO         2345    i.nrf_gpio_cfg_input  nrfx_uarte.o
    0x00028964   0x00028964   0x00000014   Code   RO         2157    i.nrf_gpio_cfg_output  nrfx_uart.o
    0x00028978   0x00028978   0x00000014   Code   RO         2346    i.nrf_gpio_cfg_output  nrfx_uarte.o
    0x0002898c   0x0002898c   0x00000022   Code   RO         1811    i.nrf_gpio_cfg_sense_set  nrfx_gpiote.o
    0x000289ae   0x000289ae   0x00000016   Code   RO          359    i.nrf_gpio_pin_write  boards.o
    0x000289c4   0x000289c4   0x00000028   Code   RO         1812    i.nrf_gpio_ports_read  nrfx_gpiote.o
    0x000289ec   0x000289ec   0x00000014   Code   RO         1813    i.nrf_gpiote_event_clear  nrfx_gpiote.o
    0x00028a00   0x00028a00   0x00000010   Code   RO         1814    i.nrf_gpiote_event_is_set  nrfx_gpiote.o
    0x00028a10   0x00028a10   0x00000050   Code   RO         3968    i.nrf_log_backend_add  nrf_log_frontend.o
    0x00028a60   0x00028a60   0x000000c8   Code   RO         3809    i.nrf_log_backend_serial_put  nrf_log_backend_serial.o
    0x00028b28   0x00028b28   0x00000002   Code   RO         3849    i.nrf_log_backend_uart_flush  nrf_log_backend_uart.o
    0x00028b2a   0x00028b2a   0x00000006   Code   RO         3850    i.nrf_log_backend_uart_init  nrf_log_backend_uart.o
    0x00028b30   0x00028b30   0x0000002c   Code   RO         3851    i.nrf_log_backend_uart_panic_set  nrf_log_backend_uart.o
    0x00028b5c   0x00028b5c   0x00000018   Code   RO         3852    i.nrf_log_backend_uart_put  nrf_log_backend_uart.o
    0x00028b74   0x00028b74   0x00000030   Code   RO         3970    i.nrf_log_color_id_get  nrf_log_frontend.o
    0x00028ba4   0x00028ba4   0x0000001c   Code   RO         3928    i.nrf_log_default_backends_init  nrf_log_default_backends.o
    0x00028bc0   0x00028bc0   0x00000220   Code   RO         3971    i.nrf_log_frontend_dequeue  nrf_log_frontend.o
    0x00028de0   0x00028de0   0x00000008   Code   RO         3973    i.nrf_log_frontend_std_0  nrf_log_frontend.o
    0x00028de8   0x00028de8   0x0000000e   Code   RO         3974    i.nrf_log_frontend_std_1  nrf_log_frontend.o
    0x00028df6   0x00028df6   0x00000010   Code   RO         3975    i.nrf_log_frontend_std_2  nrf_log_frontend.o
    0x00028e06   0x00028e06   0x00000002   PAD
    0x00028e08   0x00028e08   0x000000ac   Code   RO         4148    i.nrf_log_hexdump_entry_process  nrf_log_str_formatter.o
    0x00028eb4   0x00028eb4   0x00000058   Code   RO         3980    i.nrf_log_init      nrf_log_frontend.o
    0x00028f0c   0x00028f0c   0x00000014   Code   RO         3981    i.nrf_log_module_cnt_get  nrf_log_frontend.o
    0x00028f20   0x00028f20   0x0000001c   Code   RO         3984    i.nrf_log_module_name_get  nrf_log_frontend.o
    0x00028f3c   0x00028f3c   0x00000028   Code   RO         3985    i.nrf_log_panic     nrf_log_frontend.o
    0x00028f64   0x00028f64   0x000000b6   Code   RO         4149    i.nrf_log_std_entry_process  nrf_log_str_formatter.o
    0x0002901a   0x0002901a   0x00000060   Code   RO         3576    i.nrf_memobj_alloc  nrf_memobj.o
    0x0002907a   0x0002907a   0x00000032   Code   RO         3577    i.nrf_memobj_free   nrf_memobj.o
    0x000290ac   0x000290ac   0x00000008   Code   RO         3578    i.nrf_memobj_get    nrf_memobj.o
    0x000290b4   0x000290b4   0x00000004   Code   RO         3579    i.nrf_memobj_pool_init  nrf_memobj.o
    0x000290b8   0x000290b8   0x0000001e   Code   RO         3580    i.nrf_memobj_put    nrf_memobj.o
    0x000290d6   0x000290d6   0x0000000c   Code   RO         3581    i.nrf_memobj_read   nrf_memobj.o
    0x000290e2   0x000290e2   0x0000000c   Code   RO         3582    i.nrf_memobj_write  nrf_memobj.o
    0x000290ee   0x000290ee   0x00000002   PAD
    0x000290f0   0x000290f0   0x00000028   Code   RO         3654    i.nrf_pwr_mgmt_init  nrf_pwr_mgmt.o
    0x00029118   0x00029118   0x00000044   Code   RO         3655    i.nrf_pwr_mgmt_run  nrf_pwr_mgmt.o
    0x0002915c   0x0002915c   0x00000014   Code   RO         4693    i.nrf_sdh_ble_app_ram_start_get  nrf_sdh_ble.o
    0x00029170   0x00029170   0x00000104   Code   RO         4694    i.nrf_sdh_ble_default_cfg_set  nrf_sdh_ble.o
    0x00029274   0x00029274   0x0000012c   Code   RO         4695    i.nrf_sdh_ble_enable  nrf_sdh_ble.o
    0x000293a0   0x000293a0   0x0000005c   Code   RO         4696    i.nrf_sdh_ble_evts_poll  nrf_sdh_ble.o
    0x000293fc   0x000293fc   0x00000054   Code   RO         4565    i.nrf_sdh_disable_request  nrf_sdh.o
    0x00029450   0x00029450   0x00000090   Code   RO         4566    i.nrf_sdh_enable_request  nrf_sdh.o
    0x000294e0   0x000294e0   0x00000024   Code   RO         4567    i.nrf_sdh_evts_poll  nrf_sdh.o
    0x00029504   0x00029504   0x0000000c   Code   RO         4568    i.nrf_sdh_is_enabled  nrf_sdh.o
    0x00029510   0x00029510   0x0000001c   Code   RO         4570    i.nrf_sdh_request_continue  nrf_sdh.o
    0x0002952c   0x0002952c   0x0000003c   Code   RO         4744    i.nrf_sdh_soc_evts_poll  nrf_sdh_soc.o
    0x00029568   0x00029568   0x0000000a   Code   RO         3723    i.nrf_section_iter_init  nrf_section_iter.o
    0x00029572   0x00029572   0x00000024   Code   RO         3724    i.nrf_section_iter_item_set  nrf_section_iter.o
    0x00029596   0x00029596   0x00000020   Code   RO         3725    i.nrf_section_iter_next  nrf_section_iter.o
    0x000295b6   0x000295b6   0x00000002   PAD
    0x000295b8   0x000295b8   0x00000038   Code   RO         3758    i.nrf_strerror_find  nrf_strerror.o
    0x000295f0   0x000295f0   0x00000014   Code   RO         3759    i.nrf_strerror_get  nrf_strerror.o
    0x00029604   0x00029604   0x0000000a   Code   RO         2158    i.nrf_uart_event_check  nrfx_uart.o
    0x0002960e   0x0002960e   0x0000000c   Code   RO         2159    i.nrf_uart_event_clear  nrfx_uart.o
    0x0002961a   0x0002961a   0x0000000c   Code   RO         2160    i.nrf_uart_int_enable_check  nrfx_uart.o
    0x00029626   0x00029626   0x0000000a   Code   RO         2347    i.nrf_uarte_event_check  nrfx_uarte.o
    0x00029630   0x00029630   0x0000000c   Code   RO         2348    i.nrf_uarte_event_clear  nrfx_uarte.o
    0x0002963c   0x0002963c   0x0000002c   Code   RO         1678    i.nrfx_clock_enable  nrfx_clock.o
    0x00029668   0x00029668   0x00000020   Code   RO         1681    i.nrfx_clock_init   nrfx_clock.o
    0x00029688   0x00029688   0x0000001c   Code   RO         1684    i.nrfx_clock_lfclk_stop  nrfx_clock.o
    0x000296a4   0x000296a4   0x00000010   Code   RO         2717    i.nrfx_coredep_delay_us  app_timer.o
    0x000296b4   0x000296b4   0x000000a4   Code   RO         1819    i.nrfx_gpiote_in_event_enable  nrfx_gpiote.o
    0x00029758   0x00029758   0x00000010   Code   RO         2349    i.nrfx_is_in_ram    nrfx_uarte.o
    0x00029768   0x00029768   0x0000003a   Code   RO         2103    i.nrfx_prs_acquire  nrfx_prs.o
    0x000297a2   0x000297a2   0x00000012   Code   RO         2104    i.nrfx_prs_release  nrfx_prs.o
    0x000297b4   0x000297b4   0x00000010   Code   RO         2161    i.nrfx_uart_0_irq_handler  nrfx_uart.o
    0x000297c4   0x000297c4   0x000000d4   Code   RO         2163    i.nrfx_uart_init    nrfx_uart.o
    0x00029898   0x00029898   0x000000a4   Code   RO         2169    i.nrfx_uart_tx      nrfx_uart.o
    0x0002993c   0x0002993c   0x00000020   Code   RO         2171    i.nrfx_uart_tx_in_progress  nrfx_uart.o
    0x0002995c   0x0002995c   0x000000b4   Code   RO         2172    i.nrfx_uart_uninit  nrfx_uart.o
    0x00029a10   0x00029a10   0x00000010   Code   RO         2350    i.nrfx_uarte_0_irq_handler  nrfx_uarte.o
    0x00029a20   0x00029a20   0x0000006c   Code   RO         2352    i.nrfx_uarte_init   nrfx_uarte.o
    0x00029a8c   0x00029a8c   0x00000090   Code   RO         2356    i.nrfx_uarte_tx     nrfx_uarte.o
    0x00029b1c   0x00029b1c   0x0000001c   Code   RO         2358    i.nrfx_uarte_tx_in_progress  nrfx_uarte.o
    0x00029b38   0x00029b38   0x000000b0   Code   RO         2359    i.nrfx_uarte_uninit  nrfx_uarte.o
    0x00029be8   0x00029be8   0x00000114   Code   RO         1035    i.on_characteristic_discovery_rsp  ble_db_discovery.o
    0x00029cfc   0x00029cfc   0x000000a0   Code   RO         1215    i.on_connected_evt  nrf_ble_gatt.o
    0x00029d9c   0x00029d9c   0x000000f0   Code   RO         1036    i.on_descriptor_discovery_rsp  ble_db_discovery.o
    0x00029e8c   0x00029e8c   0x000000a4   Code   RO         1216    i.on_exchange_mtu_request_evt  nrf_ble_gatt.o
    0x00029f30   0x00029f30   0x00000068   Code   RO         1383    i.on_hvx            ble_tes_c.o
    0x00029f98   0x00029f98   0x0000006c   Code   RO         1037    i.on_primary_srv_discovery_rsp  ble_db_discovery.o
    0x0002a004   0x0002a004   0x0000007c   Code   RO         1038    i.on_srv_disc_completion  ble_db_discovery.o
    0x0002a080   0x0002a080   0x00000018   Code   RO         1840    i.pin_in_use_by_port  nrfx_gpiote.o
    0x0002a098   0x0002a098   0x00000018   Code   RO         1841    i.pin_in_use_by_te  nrfx_gpiote.o
    0x0002a0b0   0x0002a0b0   0x0000003c   Code   RO         4151    i.postfix_process   nrf_log_str_formatter.o
    0x0002a0ec   0x0002a0ec   0x00000098   Code   RO         4152    i.prefix_process    nrf_log_str_formatter.o
    0x0002a184   0x0002a184   0x00000018   Code   RO         2105    i.prs_box_get       nrfx_prs.o
    0x0002a19c   0x0002a19c   0x00000014   Code   RO         3467    i.queue_free        nrf_fstorage_sd.o
    0x0002a1b0   0x0002a1b0   0x000000a0   Code   RO         3468    i.queue_process     nrf_fstorage_sd.o
    0x0002a250   0x0002a250   0x00000038   Code   RO         1039    i.registered_handler_get  ble_db_discovery.o
    0x0002a288   0x0002a288   0x0000003c   Code   RO         2718    i.rtc1_stop         app_timer.o
    0x0002a2c4   0x0002a2c4   0x00000032   Code   RO         2173    i.rx_byte           nrfx_uart.o
    0x0002a2f6   0x0002a2f6   0x00000016   Code   RO         2174    i.rx_done_event     nrfx_uart.o
    0x0002a30c   0x0002a30c   0x00000018   Code   RO         2360    i.rx_done_event     nrfx_uarte.o
    0x0002a324   0x0002a324   0x00000028   Code   RO            9    i.scan_start        main.o
    0x0002a34c   0x0002a34c   0x00000042   Code   RO         4573    i.sd_nvic_SetPriority  nrf_sdh.o
    0x0002a38e   0x0002a38e   0x00000002   PAD
    0x0002a390   0x0002a390   0x00000050   Code   RO         1488    i.sd_state_evt_handler  nrf_drv_clock.o
    0x0002a3e0   0x0002a3e0   0x00000030   Code   RO         4574    i.sdh_request_observer_notify  nrf_sdh.o
    0x0002a410   0x0002a410   0x0000002c   Code   RO         4575    i.sdh_state_observer_notify  nrf_sdh.o
    0x0002a43c   0x0002a43c   0x00000040   Code   RO         3853    i.serial_tx         nrf_log_backend_uart.o
    0x0002a47c   0x0002a47c   0x00000018   Code   RO         1489    i.soc_evt_handler   nrf_drv_clock.o
    0x0002a494   0x0002a494   0x00000038   Code   RO         4576    i.softdevice_evt_irq_disable  nrf_sdh.o
    0x0002a4cc   0x0002a4cc   0x00000050   Code   RO         4577    i.softdevices_evt_irq_enable  nrf_sdh.o
    0x0002a51c   0x0002a51c   0x0000008c   Code   RO         3987    i.std_n             nrf_log_frontend.o
    0x0002a5a8   0x0002a5a8   0x0000019c   Code   RO           10    i.tes_c_evt_handler  main.o
    0x0002a744   0x0002a744   0x00000080   Code   RO         2719    i.timer_list_handler  app_timer.o
    0x0002a7c4   0x0002a7c4   0x0000003c   Code   RO         2720    i.timer_list_insert  app_timer.o
    0x0002a800   0x0002a800   0x00000060   Code   RO         2721    i.timer_list_remove  app_timer.o
    0x0002a860   0x0002a860   0x00000074   Code   RO         2723    i.timer_timeouts_check  app_timer.o
    0x0002a8d4   0x0002a8d4   0x00000048   Code   RO         1311    i.tx_buffer_process  ble_lbs_c.o
    0x0002a91c   0x0002a91c   0x00000048   Code   RO         1384    i.tx_buffer_process  ble_tes_c.o
    0x0002a964   0x0002a964   0x00000020   Code   RO         2176    i.tx_byte           nrfx_uart.o
    0x0002a984   0x0002a984   0x0000001a   Code   RO         2177    i.tx_done_event     nrfx_uart.o
    0x0002a99e   0x0002a99e   0x00000002   PAD
    0x0002a9a0   0x0002a9a0   0x00000030   Code   RO         1620    i.uart_evt_handler  nrf_drv_uart.o
    0x0002a9d0   0x0002a9d0   0x0000000c   Code   RO         3854    i.uart_evt_handler  nrf_log_backend_uart.o
    0x0002a9dc   0x0002a9dc   0x00000050   Code   RO         3855    i.uart_init         nrf_log_backend_uart.o
    0x0002aa2c   0x0002aa2c   0x00000128   Code   RO         2178    i.uart_irq_handler  nrfx_uart.o
    0x0002ab54   0x0002ab54   0x00000030   Code   RO         1621    i.uarte_evt_handler  nrf_drv_uart.o
    0x0002ab84   0x0002ab84   0x000000f4   Code   RO         2361    i.uarte_irq_handler  nrfx_uarte.o
    0x0002ac78   0x0002ac78   0x000000b4   Code   RO         3339    i.unsigned_print    nrf_fprintf_format.o
    0x0002ad2c   0x0002ad2c   0x0000001e   Data   RO           13    .constdata          main.o
    0x0002ad4a   0x0002ad4a   0x00000008   Data   RO          360    .constdata          boards.o
    0x0002ad52   0x0002ad52   0x00000002   PAD
    0x0002ad54   0x0002ad54   0x0000007c   Data   RO         1041    .constdata          ble_db_discovery.o
    0x0002add0   0x0002add0   0x00000016   Data   RO         1217    .constdata          nrf_ble_gatt.o
    0x0002ade6   0x0002ade6   0x00000002   PAD
    0x0002ade8   0x0002ade8   0x00000010   Data   RO         1313    .constdata          ble_lbs_c.o
    0x0002adf8   0x0002adf8   0x00000010   Data   RO         1386    .constdata          ble_tes_c.o
    0x0002ae08   0x0002ae08   0x00000004   Data   RO         1843    .constdata          nrfx_gpiote.o
    0x0002ae0c   0x0002ae0c   0x00000004   Data   RO         2181    .constdata          nrfx_uart.o
    0x0002ae10   0x0002ae10   0x00000004   Data   RO         2364    .constdata          nrfx_uarte.o
    0x0002ae14   0x0002ae14   0x0000000c   PAD
    0x0002ae20   0x0002ae20   0x00000006   Data   RO         2726    .constdata          app_timer.o
    0x0002ae26   0x0002ae26   0x00000010   Data   RO         3340    .constdata          nrf_fprintf_format.o
    0x0002ae36   0x0002ae36   0x00000002   PAD
    0x0002ae38   0x0002ae38   0x00000010   Data   RO         3476    .constdata          nrf_fstorage_sd.o
    0x0002ae48   0x0002ae48   0x00000018   Data   RO         3659    .constdata          nrf_pwr_mgmt.o
    0x0002ae60   0x0002ae60   0x0000000c   Data   RO         3660    .constdata          nrf_pwr_mgmt.o
    0x0002ae6c   0x0002ae6c   0x0000013c   Data   RO         3760    .constdata          nrf_strerror.o
    0x0002afa8   0x0002afa8   0x0000000c   Data   RO         3857    .constdata          nrf_log_backend_uart.o
    0x0002afb4   0x0002afb4   0x00000020   Data   RO         3858    .constdata          nrf_log_backend_uart.o
    0x0002afd4   0x0002afd4   0x00000010   Data   RO         4578    .constdata          nrf_sdh.o
    0x0002afe4   0x0002afe4   0x00000028   Data   RO         4579    .constdata          nrf_sdh.o
    0x0002b00c   0x0002b00c   0x00000010   Data   RO         4580    .constdata          nrf_sdh.o
    0x0002b01c   0x0002b01c   0x00000010   Data   RO         4581    .constdata          nrf_sdh.o
    0x0002b02c   0x0002b02c   0x00000020   Data   RO         4697    .constdata          nrf_sdh_ble.o
    0x0002b04c   0x0002b04c   0x00000010   Data   RO         4698    .constdata          nrf_sdh_ble.o
    0x0002b05c   0x0002b05c   0x00000010   Data   RO         4745    .constdata          nrf_sdh_soc.o
    0x0002b06c   0x0002b06c   0x0000000c   Data   RO         4746    .constdata          nrf_sdh_soc.o
    0x0002b078   0x0002b078   0x00000081   Data   RO         4829    .constdata          mc_w.l(ctype_o.o)
    0x0002b0f9   0x0002b0f9   0x00000003   PAD
    0x0002b0fc   0x0002b0fc   0x00000004   Data   RO         4830    .constdata          mc_w.l(ctype_o.o)
    0x0002b100   0x0002b100   0x000000a2   Data   RO         1218    .conststring        nrf_ble_gatt.o
    0x0002b1a2   0x0002b1a2   0x00000002   PAD
    0x0002b1a4   0x0002b1a4   0x000003eb   Data   RO         3761    .conststring        nrf_strerror.o
    0x0002b58f   0x0002b58f   0x00000001   PAD
    0x0002b590   0x0002b590   0x00000066   Data   RO         4153    .conststring        nrf_log_str_formatter.o
    0x0002b5f6   0x0002b5f6   0x00000002   PAD
    0x0002b5f8   0x0002b5f8   0x00000188   Data   RO         4699    .conststring        nrf_sdh_ble.o
    0x0002b780   0x0002b780   0x0000000c   Data   RO         1042    .conststrlit        ble_db_discovery.o
    0x0002b78c   0x0002b78c   0x0000000d   Data   RO         1219    .conststrlit        nrf_ble_gatt.o
    0x0002b799   0x0002b799   0x00000003   PAD
    0x0002b79c   0x0002b79c   0x0000000a   Data   RO         1314    .conststrlit        ble_lbs_c.o
    0x0002b7a6   0x0002b7a6   0x00000002   PAD
    0x0002b7a8   0x0002b7a8   0x0000000a   Data   RO         1387    .conststrlit        ble_tes_c.o
    0x0002b7b2   0x0002b7b2   0x00000002   PAD
    0x0002b7b4   0x0002b7b4   0x00000006   Data   RO         1495    .conststrlit        nrf_drv_clock.o
    0x0002b7ba   0x0002b7ba   0x00000002   PAD
    0x0002b7bc   0x0002b7bc   0x00000006   Data   RO         1688    .conststrlit        nrfx_clock.o
    0x0002b7c2   0x0002b7c2   0x00000002   PAD
    0x0002b7c4   0x0002b7c4   0x00000007   Data   RO         1847    .conststrlit        nrfx_gpiote.o
    0x0002b7cb   0x0002b7cb   0x00000001   PAD
    0x0002b7cc   0x0002b7cc   0x00000004   Data   RO         2107    .conststrlit        nrfx_prs.o
    0x0002b7d0   0x0002b7d0   0x00000005   Data   RO         2184    .conststrlit        nrfx_uart.o
    0x0002b7d5   0x0002b7d5   0x00000003   PAD
    0x0002b7d8   0x0002b7d8   0x00000006   Data   RO         2367    .conststrlit        nrfx_uarte.o
    0x0002b7de   0x0002b7de   0x00000002   PAD
    0x0002b7e0   0x0002b7e0   0x0000000d   Data   RO         3388    .conststrlit        nrf_fstorage.o
    0x0002b7ed   0x0002b7ed   0x00000003   PAD
    0x0002b7f0   0x0002b7f0   0x0000000e   Data   RO         3478    .conststrlit        nrf_fstorage_sd.o
    0x0002b7fe   0x0002b7fe   0x00000002   PAD
    0x0002b800   0x0002b800   0x00000009   Data   RO         3661    .conststrlit        nrf_pwr_mgmt.o
    0x0002b809   0x0002b809   0x00000003   PAD
    0x0002b80c   0x0002b80c   0x00000018   Data   RO         3990    .conststrlit        nrf_log_frontend.o
    0x0002b824   0x0002b824   0x00000008   Data   RO         4582    .conststrlit        nrf_sdh.o
    0x0002b82c   0x0002b82c   0x0000000c   Data   RO         4700    .conststrlit        nrf_sdh_ble.o
    0x0002b838   0x0002b838   0x0000000c   Data   RO         4747    .conststrlit        nrf_sdh_soc.o
    0x0002b844   0x0002b844   0x00000020   Data   RO         4890    Region$$Table       anon$$obj.o
    0x0002b864   0x0002b864   0x00000008   Data   RO         1044    log_const_data      ble_db_discovery.o
    0x0002b86c   0x0002b86c   0x00000008   Data   RO         1220    log_const_data      nrf_ble_gatt.o
    0x0002b874   0x0002b874   0x00000008   Data   RO         1316    log_const_data      ble_lbs_c.o
    0x0002b87c   0x0002b87c   0x00000008   Data   RO         1389    log_const_data      ble_tes_c.o
    0x0002b884   0x0002b884   0x00000008   Data   RO         1496    log_const_data      nrf_drv_clock.o
    0x0002b88c   0x0002b88c   0x00000008   Data   RO         1690    log_const_data      nrfx_clock.o
    0x0002b894   0x0002b894   0x00000008   Data   RO         1848    log_const_data      nrfx_gpiote.o
    0x0002b89c   0x0002b89c   0x00000008   Data   RO         2109    log_const_data      nrfx_prs.o
    0x0002b8a4   0x0002b8a4   0x00000008   Data   RO         2185    log_const_data      nrfx_uart.o
    0x0002b8ac   0x0002b8ac   0x00000008   Data   RO         2368    log_const_data      nrfx_uarte.o
    0x0002b8b4   0x0002b8b4   0x00000008   Data   RO         3389    log_const_data      nrf_fstorage.o
    0x0002b8bc   0x0002b8bc   0x00000008   Data   RO         3481    log_const_data      nrf_fstorage_sd.o
    0x0002b8c4   0x0002b8c4   0x00000008   Data   RO         3663    log_const_data      nrf_pwr_mgmt.o
    0x0002b8cc   0x0002b8cc   0x00000010   Data   RO         3993    log_const_data      nrf_log_frontend.o
    0x0002b8dc   0x0002b8dc   0x00000008   Data   RO         4584    log_const_data      nrf_sdh.o
    0x0002b8e4   0x0002b8e4   0x00000008   Data   RO         4702    log_const_data      nrf_sdh_ble.o
    0x0002b8ec   0x0002b8ec   0x00000008   Data   RO         4748    log_const_data      nrf_sdh_soc.o
    0x0002b8f4   0x0002b8f4   0x00000018   Data   RO         3995    nrf_balloc          nrf_log_frontend.o
    0x0002b90c   0x0002b90c   0x00000008   Data   RO          876    sdh_ble_observers0  ble_conn_state.o
    0x0002b914   0x0002b914   0x00000010   Data   RO           15    sdh_ble_observers1  main.o
    0x0002b924   0x0002b924   0x00000008   Data   RO          601    sdh_ble_observers1  bsp_btn_ble.o
    0x0002b92c   0x0002b92c   0x00000010   Data   RO           16    sdh_ble_observers2  main.o
    0x0002b93c   0x0002b93c   0x00000008   Data   RO           17    sdh_ble_observers3  main.o
    0x0002b944   0x0002b944   0x00000008   Data   RO         3483    sdh_req_observers0  nrf_fstorage_sd.o
    0x0002b94c   0x0002b94c   0x00000008   Data   RO         1498    sdh_soc_observers0  nrf_drv_clock.o
    0x0002b954   0x0002b954   0x00000008   Data   RO         3484    sdh_soc_observers0  nrf_fstorage_sd.o
    0x0002b95c   0x0002b95c   0x00000008   Data   RO         4704    sdh_stack_observers0  nrf_sdh_ble.o
    0x0002b964   0x0002b964   0x00000008   Data   RO         4750    sdh_stack_observers0  nrf_sdh_soc.o
    0x0002b96c   0x0002b96c   0x00000008   Data   RO         1499    sdh_state_observers0  nrf_drv_clock.o
    0x0002b974   0x0002b974   0x00000008   Data   RO         3485    sdh_state_observers0  nrf_fstorage_sd.o


    Execution Region RW_IRAM1 (Exec base: 0x20001d70, Load base: 0x0002b97c, Size: 0x00003120, Max: 0x0000e290, ABSOLUTE, COMPRESSED[0x00000050])

    Exec Addr    Load Addr    Size         Type   Attr      Idx    E Section Name        Object

    0x20001d70   COMPRESSED   0x000002d4   Data   RW           14    .data               main.o
    0x20002044   COMPRESSED   0x00000008   Data   RW          600    .data               bsp_btn_ble.o
    0x2000204c   COMPRESSED   0x00000010   Data   RW         1043    .data               ble_db_discovery.o
    0x2000205c   COMPRESSED   0x00000008   Data   RW         1315    .data               ble_lbs_c.o
    0x20002064   COMPRESSED   0x00000008   Data   RW         1388    .data               ble_tes_c.o
    0x2000206c   COMPRESSED   0x0000000c   Data   RW         1622    .data               nrf_drv_uart.o
    0x20002078   COMPRESSED   0x00000008   Data   RW         1689    .data               nrfx_clock.o
    0x20002080   COMPRESSED   0x00000008   Data   RW         2108    .data               nrfx_prs.o
    0x20002088   COMPRESSED   0x00000020   Data   RW         2501    .data               app_button.o
    0x200020a8   COMPRESSED   0x00000014   Data   RW         2727    .data               app_timer.o
    0x200020bc   COMPRESSED   0x00000014   Data   RW         3479    .data               nrf_fstorage_sd.o
    0x200020d0   COMPRESSED   0x00000008   Data   RW         3480    .data               nrf_fstorage_sd.o
    0x200020d8   COMPRESSED   0x00000008   Data   RW         3662    .data               nrf_pwr_mgmt.o
    0x200020e0   COMPRESSED   0x00000018   Data   RW         3859    .data               nrf_log_backend_uart.o
    0x200020f8   COMPRESSED   0x0000000c   Data   RW         3929    .data               nrf_log_default_backends.o
    0x20002104   COMPRESSED   0x00000008   Data   RW         3991    .data               nrf_log_frontend.o
    0x2000210c   COMPRESSED   0x00000008   Data   RW         3992    .data               nrf_log_frontend.o
    0x20002114   COMPRESSED   0x00000040   Data   RW         4154    .data               nrf_log_str_formatter.o
    0x20002154   COMPRESSED   0x00000003   Data   RW         4583    .data               nrf_sdh.o
    0x20002157   COMPRESSED   0x00000001   Data   RW         4701    .data               nrf_sdh_ble.o
    0x20002158   COMPRESSED   0x00000004   Data   RW         4785    .data               system_nrf52.o
    0x2000215c   COMPRESSED   0x00000004   Data   RW         1045    log_dynamic_data    ble_db_discovery.o
    0x20002160   COMPRESSED   0x00000004   Data   RW         1221    log_dynamic_data    nrf_ble_gatt.o
    0x20002164   COMPRESSED   0x00000004   Data   RW         1317    log_dynamic_data    ble_lbs_c.o
    0x20002168   COMPRESSED   0x00000004   Data   RW         1390    log_dynamic_data    ble_tes_c.o
    0x2000216c   COMPRESSED   0x00000004   Data   RW         1497    log_dynamic_data    nrf_drv_clock.o
    0x20002170   COMPRESSED   0x00000004   Data   RW         1691    log_dynamic_data    nrfx_clock.o
    0x20002174   COMPRESSED   0x00000004   Data   RW         1849    log_dynamic_data    nrfx_gpiote.o
    0x20002178   COMPRESSED   0x00000004   Data   RW         2110    log_dynamic_data    nrfx_prs.o
    0x2000217c   COMPRESSED   0x00000004   Data   RW         2186    log_dynamic_data    nrfx_uart.o
    0x20002180   COMPRESSED   0x00000004   Data   RW         2369    log_dynamic_data    nrfx_uarte.o
    0x20002184   COMPRESSED   0x00000004   Data   RW         3390    log_dynamic_data    nrf_fstorage.o
    0x20002188   COMPRESSED   0x00000004   Data   RW         3482    log_dynamic_data    nrf_fstorage_sd.o
    0x2000218c   COMPRESSED   0x00000004   Data   RW         3664    log_dynamic_data    nrf_pwr_mgmt.o
    0x20002190   COMPRESSED   0x00000008   Data   RW         3994    log_dynamic_data    nrf_log_frontend.o
    0x20002198   COMPRESSED   0x00000004   Data   RW         4585    log_dynamic_data    nrf_sdh.o
    0x2000219c   COMPRESSED   0x00000004   Data   RW         4703    log_dynamic_data    nrf_sdh_ble.o
    0x200021a0   COMPRESSED   0x00000004   Data   RW         4749    log_dynamic_data    nrf_sdh_soc.o
    0x200021a4        -       0x00000048   Zero   RW           11    .bss                main.o
    0x200021ec        -       0x0000001f   Zero   RW           12    .bss                main.o
    0x2000220b        -       0x0000000c   Zero   RW          496    .bss                bsp.o
    0x20002217   COMPRESSED   0x00000001   PAD
    0x20002218        -       0x00000078   Zero   RW          875    .bss                ble_conn_state.o
    0x20002290        -       0x00000318   Zero   RW         1040    .bss                ble_db_discovery.o
    0x200025a8        -       0x000000a0   Zero   RW         1312    .bss                ble_lbs_c.o
    0x20002648        -       0x000000a0   Zero   RW         1385    .bss                ble_tes_c.o
    0x200026e8        -       0x00000014   Zero   RW         1490    .bss                nrf_drv_clock.o
    0x200026fc        -       0x0000005c   Zero   RW         1842    .bss                nrfx_gpiote.o
    0x20002758        -       0x0000002c   Zero   RW         2179    .bss                nrfx_uart.o
    0x20002784        -       0x00000024   Zero   RW         2362    .bss                nrfx_uarte.o
    0x200027a8        -       0x0000010c   Zero   RW         2725    .bss                app_timer.o
    0x200028b4        -       0x0000000c   Zero   RW         2878    .bss                app_util_platform.o
    0x200028c0        -       0x000000a0   Zero   RW         3475    .bss                nrf_fstorage_sd.o
    0x20002960        -       0x0000000c   Zero   RW         3658    .bss                nrf_pwr_mgmt.o
    0x2000296c        -       0x00000040   Zero   RW         3856    .bss                nrf_log_backend_uart.o
    0x200029ac        -       0x000000c0   Zero   RW         3988    .bss                nrf_log_frontend.o
    0x20002a6c        -       0x00000424   Zero   RW         3989    .bss                nrf_log_frontend.o
    0x20002e90        -       0x00002000   Zero   RW         4773    STACK               arm_startup_nrf52.o


==============================================================================

Image component sizes


      Code (inc. data)   RO Data    RW Data    ZI Data      Debug   Object Name

        36          4          0         32          0       1904   app_button.o
        22          0          0          0          0       2465   app_error.o
       124         40          0          0          0      30545   app_error_weak.o
      1182         90          6         20        268      43805   app_timer.o
       124         14          0          0         12       9486   app_util_platform.o
        36          8        512          0       8192        932   arm_startup_nrf52.o
       124          0          0          0          0      29099   ble_advdata.o
         0          0          0          0          0       3480   ble_advertising.o
       322          6          8          0        120       7785   ble_conn_state.o
      1658         78        144         20        792      19063   ble_db_discovery.o
       520         22         34         12        160       7784   ble_lbs_c.o
       784         28         34         12        160      12265   ble_tes_c.o
       192         16          8          0          0      43081   boards.o
        68          4          0          0         12       6792   bsp.o
       166          6          8          8          0       3260   bsp_btn_ble.o
      1236        412         70        724        103     120583   main.o
       244          0          0          0          0       5697   nrf_atfifo.o
        64          0          0          0          0       2988   nrf_atflags.o
       306          0          0          0          0       8079   nrf_atomic.o
       164          0          0          0          0       3668   nrf_balloc.o
       894        254        205          4          0      36260   nrf_ble_gatt.o
       276         34         30          4         20      37754   nrf_drv_clock.o
       200         26          0         12          0      17744   nrf_drv_uart.o
        50          0          0          0          0       3557   nrf_fprintf.o
       850          4         16          0          0       5510   nrf_fprintf_format.o
         0          0         21          4          0       1813   nrf_fstorage.o
       484         42         62         32        160       9757   nrf_fstorage_sd.o
       200          0          0          0          0      11539   nrf_log_backend_serial.o
       232         44         44         24         64      21238   nrf_log_backend_uart.o
        28          6          0         12          0       3223   nrf_log_default_backends.o
      1490        118         64         24       1252      30089   nrf_log_frontend.o
       566        108        102         64          0       5832   nrf_log_str_formatter.o
       330          0          0          0          0       9679   nrf_memobj.o
       108         16         53         12         12      36483   nrf_pwr_mgmt.o
       660         60        104          7          0      43504   nrf_sdh.o
       672        222        468          5          0       5981   nrf_sdh_ble.o
        60          4         56          4          0       2596   nrf_sdh_soc.o
        78          0          0          0          0       2804   nrf_section_iter.o
        76         10       1319          0          0       2767   nrf_strerror.o
       222         28         14         12          0      41400   nrfx_clock.o
       730         46         19          4         92      22448   nrfx_gpiote.o
       112         16         12         12          0       4612   nrfx_prs.o
      1292         40         17          4         44      31414   nrfx_uart.o
      1134         44         18          4         36      24549   nrfx_uarte.o
       796         70          0          4          0       2963   system_nrf52.o

    ----------------------------------------------------------------------
     18948       1920       3528       1076      11500     778277   Object Totals
         0          0         32          0          0          0   (incl. Generated)
        36          0         48          0          1          0   (incl. Padding)

    ----------------------------------------------------------------------

      Code (inc. data)   RO Data    RW Data    ZI Data      Debug   Library Member Name

        86          0          0          0          0          0   __dczerorl2.o
         8          4        133          0          0         68   ctype_o.o
         0          0          0          0          0          0   entry.o
         0          0          0          0          0          0   entry10a.o
         0          0          0          0          0          0   entry11a.o
         8          4          0          0          0          0   entry2.o
         4          0          0          0          0          0   entry5.o
         0          0          0          0          0          0   entry7b.o
         0          0          0          0          0          0   entry8b.o
         8          4          0          0          0          0   entry9a.o
        30          0          0          0          0          0   handlers.o
        36          8          0          0          0         68   init.o
        26          0          0          0          0         80   memcmp.o
        36          0          0          0          0         68   memcpya.o
        36          0          0          0          0        108   memseta.o
        14          0          0          0          0         68   strlen.o

    ----------------------------------------------------------------------
       296         20        136          0          0        460   Library Totals
         4          0          3          0          0          0   (incl. Padding)

    ----------------------------------------------------------------------

      Code (inc. data)   RO Data    RW Data    ZI Data      Debug   Library Name

       292         20        133          0          0        460   mc_w.l

    ----------------------------------------------------------------------
       296         20        136          0          0        460   Library Totals

    ----------------------------------------------------------------------

==============================================================================


      Code (inc. data)   RO Data    RW Data    ZI Data      Debug   

     19244       1940       3664       1076      11500     755817   Grand Totals
     19244       1940       3664         80      11500     755817   ELF Image Totals (compressed)
     19244       1940       3664         80          0          0   ROM Totals

==============================================================================

    Total RO  Size (Code + RO Data)                22908 (  22.37kB)
    Total RW  Size (RW Data + ZI Data)             12576 (  12.28kB)
    Total ROM Size (Code + RO Data + RW Data)      22988 (  22.45kB)

==============================================================================

